Feb 14 02:12:15 popcorn kernel: [    0.000000] Booting Linux on physical CPU 0x0
Feb 14 02:12:15 popcorn kernel: [    0.000000] Initializing cgroup subsys cpuset
Feb 14 02:12:15 popcorn kernel: [    0.000000] Initializing cgroup subsys cpu
Feb 14 02:12:15 popcorn kernel: [    0.000000] Initializing cgroup subsys cpuacct
Feb 14 02:12:15 popcorn kernel: [    0.000000] Linux version 4.4.139- (akash@akash-vr) (gcc version 7.2.1 20171011 (Linaro GCC 7.2-2017.11) ) #4 SMP Wed Jun 5 12:26:00 IST 2019
Feb 14 02:12:15 popcorn kernel: [    0.000000] CPU: ARMv7 Processor [413fc082] revision 2 (ARMv7), cr=10c5387d
Feb 14 02:12:15 popcorn kernel: [    0.000000] CPU: PIPT / VIPT nonaliasing data cache, VIPT aliasing instruction cache
Feb 14 02:12:15 popcorn kernel: [    0.000000] Machine model: Source Parts Kettlepop
Feb 14 02:12:15 popcorn kernel: [    0.000000] cma: Reserved 64 MiB at 0x4c000000
Feb 14 02:12:15 popcorn kernel: [    0.000000] Memory policy: Data cache writeback
Feb 14 02:12:15 popcorn kernel: [    0.000000] On node 0 totalpages: 65536
Feb 14 02:12:15 popcorn kernel: [    0.000000] free_area_init_node: node 0, pgdat c1123200, node_mem_map cbd99000
Feb 14 02:12:15 popcorn kernel: [    0.000000]   DMA zone: 576 pages used for memmap
Feb 14 02:12:15 popcorn kernel: [    0.000000]   DMA zone: 0 pages reserved
Feb 14 02:12:15 popcorn kernel: [    0.000000]   DMA zone: 65536 pages, LIFO batch:15
Feb 14 02:12:15 popcorn kernel: [    0.000000] CPU: All CPU(s) started in SVC mode.
Feb 14 02:12:15 popcorn kernel: [    0.000000] PERCPU: Embedded 12 pages/cpu @cbd6d000 s18828 r8192 d22132 u49152
Feb 14 02:12:15 popcorn kernel: [    0.000000] pcpu-alloc: s18828 r8192 d22132 u49152 alloc=12*4096
Feb 14 02:12:15 popcorn kernel: [    0.000000] pcpu-alloc: [0] 0 
Feb 14 02:12:15 popcorn kernel: [    0.000000] Built 1 zonelists in Zone order, mobility grouping on.  Total pages: 64960
Feb 14 02:12:15 popcorn kernel: [    0.000000] Kernel command line: console=ttyS0,115200 root=/dev/mmcblk0p2 rootfstype=ext4 rootwait rw panic=10
Feb 14 02:12:15 popcorn kernel: [    0.000000] PID hash table entries: 1024 (order: 0, 4096 bytes)
Feb 14 02:12:15 popcorn kernel: [    0.000000] Dentry cache hash table entries: 32768 (order: 5, 131072 bytes)
Feb 14 02:12:15 popcorn kernel: [    0.000000] Inode-cache hash table entries: 16384 (order: 4, 65536 bytes)
Feb 14 02:12:15 popcorn kernel: [    0.000000] Memory: 177784K/262144K available (9144K kernel code, 1141K rwdata, 4208K rodata, 1080K init, 349K bss, 18824K reserved, 65536K cma-reserved, 0K highmem)
Feb 14 02:12:15 popcorn kernel: [    0.000000] Virtual kernel memory layout:
Feb 14 02:12:15 popcorn kernel: [    0.000000]     vector  : 0xffff0000 - 0xffff1000   (   4 kB)
Feb 14 02:12:15 popcorn kernel: [    0.000000]     fixmap  : 0xffc00000 - 0xfff00000   (3072 kB)
Feb 14 02:12:15 popcorn kernel: [    0.000000]     vmalloc : 0xd0800000 - 0xff800000   ( 752 MB)
Feb 14 02:12:15 popcorn kernel: [    0.000000]     lowmem  : 0xc0000000 - 0xd0000000   ( 256 MB)
Feb 14 02:12:15 popcorn kernel: [    0.000000]     pkmap   : 0xbfe00000 - 0xc0000000   (   2 MB)
Feb 14 02:12:15 popcorn kernel: [    0.000000]     modules : 0xbf000000 - 0xbfe00000   (  14 MB)
Feb 14 02:12:15 popcorn kernel: [    0.000000]       .text : 0xc0208000 - 0xc0f131a0   (13357 kB)
Feb 14 02:12:15 popcorn kernel: [    0.000000]       .init : 0xc0f14000 - 0xc1022000   (1080 kB)
Feb 14 02:12:15 popcorn kernel: [    0.000000]       .data : 0xc1022000 - 0xc113f678   (1142 kB)
Feb 14 02:12:15 popcorn kernel: [    0.000000]        .bss : 0xc1142000 - 0xc11996c0   ( 350 kB)
Feb 14 02:12:15 popcorn kernel: [    0.000000] SLUB: HWalign=64, Order=0-3, MinObjects=0, CPUs=1, Nodes=1
Feb 14 02:12:15 popcorn kernel: [    0.000000] Hierarchical RCU implementation.
Feb 14 02:12:15 popcorn kernel: [    0.000000] 	Build-time adjustment of leaf fanout to 32.
Feb 14 02:12:15 popcorn kernel: [    0.000000] 	RCU restricting CPUs from NR_CPUS=16 to nr_cpu_ids=1.
Feb 14 02:12:15 popcorn kernel: [    0.000000] RCU: Adjusting geometry for rcu_fanout_leaf=32, nr_cpu_ids=1
Feb 14 02:12:15 popcorn kernel: [    0.000000] NR_IRQS:16 nr_irqs:16 16
Feb 14 02:12:15 popcorn kernel: [    0.000000] clocksource: timer: mask: 0xffffffff max_cycles: 0xffffffff, max_idle_ns: 79635851949 ns
Feb 14 02:12:15 popcorn kernel: [    0.000000] clocksource: timer: mask: 0xffffffff max_cycles: 0xffffffff, max_idle_ns: 6370868154 ns
Feb 14 02:12:15 popcorn kernel: [    0.000000] sched_clock: 32 bits at 200 Hz, resolution 5000000ns, wraps every 10737418237500000ns
Feb 14 02:12:15 popcorn kernel: [    0.000000] Console: colour dummy device 80x30
Feb 14 02:12:15 popcorn kernel: [    0.025000] Calibrating delay loop... 1002.70 BogoMIPS (lpj=2506752)
Feb 14 02:12:15 popcorn kernel: [    0.025000] pid_max: default: 32768 minimum: 301
Feb 14 02:12:15 popcorn kernel: [    0.025000] Mount-cache hash table entries: 1024 (order: 0, 4096 bytes)
Feb 14 02:12:15 popcorn kernel: [    0.025000] Mountpoint-cache hash table entries: 1024 (order: 0, 4096 bytes)
Feb 14 02:12:15 popcorn kernel: [    0.025000] Initializing cgroup subsys io
Feb 14 02:12:15 popcorn kernel: [    0.025000] Initializing cgroup subsys memory
Feb 14 02:12:15 popcorn kernel: [    0.025000] Initializing cgroup subsys devices
Feb 14 02:12:15 popcorn kernel: [    0.025000] Initializing cgroup subsys freezer
Feb 14 02:12:15 popcorn kernel: [    0.025000] Initializing cgroup subsys net_cls
Feb 14 02:12:15 popcorn kernel: [    0.025000] Initializing cgroup subsys net_prio
Feb 14 02:12:15 popcorn kernel: [    0.025000] Initializing cgroup subsys pids
Feb 14 02:12:15 popcorn kernel: [    0.025000] CPU: Testing write buffer coherency: ok
Feb 14 02:12:15 popcorn kernel: [    0.025000] CPU0: thread -1, cpu 0, socket -1, mpidr 0
Feb 14 02:12:15 popcorn kernel: [    0.025000] Setting up static identity map for 0x40209000 - 0x40209098
Feb 14 02:12:15 popcorn kernel: [    0.030000] Brought up 1 CPUs
Feb 14 02:12:15 popcorn kernel: [    0.030000] SMP: Total of 1 processors activated (1002.70 BogoMIPS).
Feb 14 02:12:15 popcorn kernel: [    0.030000] CPU: All CPU(s) started in SVC mode.
Feb 14 02:12:15 popcorn kernel: [    0.030000] devtmpfs: initialized
Feb 14 02:12:15 popcorn kernel: [    0.045000] VFP support v0.3: implementor 41 architecture 3 part 30 variant c rev 3
Feb 14 02:12:15 popcorn kernel: [    0.045000] clocksource: jiffies: mask: 0xffffffff max_cycles: 0xffffffff, max_idle_ns: 9556302231375000 ns
Feb 14 02:12:15 popcorn kernel: [    0.045000] futex hash table entries: 256 (order: 2, 16384 bytes)
Feb 14 02:12:15 popcorn kernel: [    0.050000] pinctrl core: initialized pinctrl subsystem
Feb 14 02:12:15 popcorn kernel: [    0.050000] NET: Registered protocol family 16
Feb 14 02:12:15 popcorn kernel: [    0.055000] DMA: preallocated 256 KiB pool for atomic coherent allocations
Feb 14 02:12:15 popcorn kernel: [    0.055000] cpuidle: using governor ladder
Feb 14 02:12:15 popcorn kernel: [    0.055000] cpuidle: using governor menu
Feb 14 02:12:15 popcorn kernel: [    0.060000] No ATAGs?
Feb 14 02:12:15 popcorn kernel: [    0.060000] hw-breakpoint: debug architecture 0x4 unsupported.
Feb 14 02:12:15 popcorn kernel: [    0.065000] Serial: AMBA PL011 UART driver
Feb 14 02:12:15 popcorn kernel: [    0.080000] vgaarb: loaded
Feb 14 02:12:15 popcorn kernel: [    0.080000] SCSI subsystem initialized
Feb 14 02:12:15 popcorn kernel: [    0.080000] libata version 3.00 loaded.
Feb 14 02:12:15 popcorn kernel: [    0.080000] usbcore: registered new interface driver usbfs
Feb 14 02:12:15 popcorn kernel: [    0.080000] usbcore: registered new interface driver hub
Feb 14 02:12:15 popcorn kernel: [    0.080000] usbcore: registered new device driver usb
Feb 14 02:12:15 popcorn kernel: [    0.080000] pps_core: LinuxPPS API ver. 1 registered
Feb 14 02:12:15 popcorn kernel: [    0.080000] pps_core: Software ver. 5.3.6 - Copyright 2005-2007 Rodolfo Giometti <giometti@linux.it>
Feb 14 02:12:15 popcorn kernel: [    0.080000] PTP clock support registered
Feb 14 02:12:15 popcorn kernel: [    0.080000] EDAC MC: Ver: 3.0.0
Feb 14 02:12:15 popcorn kernel: [    0.085000] clocksource: Switched to clocksource timer
Feb 14 02:12:15 popcorn kernel: [    0.095000] NET: Registered protocol family 2
Feb 14 02:12:15 popcorn kernel: [    0.095000] TCP established hash table entries: 2048 (order: 1, 8192 bytes)
Feb 14 02:12:15 popcorn kernel: [    0.095000] TCP bind hash table entries: 2048 (order: 2, 16384 bytes)
Feb 14 02:12:15 popcorn kernel: [    0.095000] TCP: Hash tables configured (established 2048 bind 2048)
Feb 14 02:12:15 popcorn kernel: [    0.095000] UDP hash table entries: 256 (order: 1, 8192 bytes)
Feb 14 02:12:15 popcorn kernel: [    0.095000] UDP-Lite hash table entries: 256 (order: 1, 8192 bytes)
Feb 14 02:12:15 popcorn kernel: [    0.095000] NET: Registered protocol family 1
Feb 14 02:12:15 popcorn kernel: [    0.095000] RPC: Registered named UNIX socket transport module.
Feb 14 02:12:15 popcorn kernel: [    0.095000] RPC: Registered udp transport module.
Feb 14 02:12:15 popcorn kernel: [    0.095000] RPC: Registered tcp transport module.
Feb 14 02:12:15 popcorn kernel: [    0.095000] RPC: Registered tcp NFSv4.1 backchannel transport module.
Feb 14 02:12:15 popcorn kernel: [    0.095000] PCI: CLS 0 bytes, default 64
Feb 14 02:12:15 popcorn kernel: [    0.110000] squashfs: version 4.0 (2009/01/31) Phillip Lougher
Feb 14 02:12:15 popcorn kernel: [    0.110000] NFS: Registering the id_resolver key type
Feb 14 02:12:15 popcorn kernel: [    0.110000] Key type id_resolver registered
Feb 14 02:12:15 popcorn kernel: [    0.110000] Key type id_legacy registered
Feb 14 02:12:15 popcorn kernel: [    0.110000] ntfs: driver 2.1.32 [Flags: R/W].
Feb 14 02:12:15 popcorn kernel: [    0.110000] Block layer SCSI generic (bsg) driver version 0.4 loaded (major 249)
Feb 14 02:12:15 popcorn kernel: [    0.110000] io scheduler noop registered
Feb 14 02:12:15 popcorn kernel: [    0.110000] io scheduler deadline registered
Feb 14 02:12:15 popcorn kernel: [    0.110000] io scheduler cfq registered (default)
Feb 14 02:12:15 popcorn kernel: [    0.115000] gr8-pinctrl 1c20800.pinctrl: initialized sunXi PIO driver
Feb 14 02:12:15 popcorn kernel: [    0.190000] Serial: 8250/16550 driver, 4 ports, IRQ sharing disabled
Feb 14 02:12:15 popcorn kernel: [    0.190000] console [ttyS0] disabled
Feb 14 02:12:15 popcorn kernel: [    0.210000] 1c28400.serial: ttyS0 at MMIO 0x1c28400 (irq = 27, base_baud = 1500000) is a U6_16550A
Feb 14 02:12:15 popcorn kernel: [    0.790000] console [ttyS0] enabled
Feb 14 02:12:15 popcorn kernel: [    0.815000] 1c28800.serial: ttyS1 at MMIO 0x1c28800 (irq = 28, base_baud = 1500000) is a U6_16550A
Feb 14 02:12:15 popcorn kernel: [    0.845000] 1c28c00.serial: ttyS2 at MMIO 0x1c28c00 (irq = 29, base_baud = 1500000) is a U6_16550A
Feb 14 02:12:15 popcorn kernel: [    0.855000] SuperH (H)SCI(F) driver initialized
Feb 14 02:12:15 popcorn kernel: [    0.860000] msm_serial: driver initialized
Feb 14 02:12:15 popcorn kernel: [    0.865000] STMicroelectronics ASC driver initialized
Feb 14 02:12:15 popcorn kernel: [    0.870000] [drm] Initialized drm 1.1.0 20060810
Feb 14 02:12:15 popcorn kernel: [    0.885000] loop: module loaded
Feb 14 02:12:15 popcorn kernel: [    0.895000] libphy: Fixed MDIO Bus: probed
Feb 14 02:12:15 popcorn kernel: [    0.900000] CAN device driver interface
Feb 14 02:12:15 popcorn kernel: [    0.900000] igb: Intel(R) Gigabit Ethernet Network Driver - version 5.3.0-k
Feb 14 02:12:15 popcorn kernel: [    0.910000] igb: Copyright (c) 2007-2014 Intel Corporation.
Feb 14 02:12:15 popcorn kernel: [    0.915000] pegasus: v0.9.3 (2013/04/25), Pegasus/Pegasus II USB Ethernet driver
Feb 14 02:12:15 popcorn kernel: [    0.925000] usbcore: registered new interface driver pegasus
Feb 14 02:12:15 popcorn kernel: [    0.930000] usbcore: registered new interface driver asix
Feb 14 02:12:15 popcorn kernel: [    0.935000] usbcore: registered new interface driver ax88179_178a
Feb 14 02:12:15 popcorn kernel: [    0.940000] usbcore: registered new interface driver cdc_ether
Feb 14 02:12:15 popcorn kernel: [    0.950000] usbcore: registered new interface driver smsc75xx
Feb 14 02:12:15 popcorn kernel: [    0.955000] usbcore: registered new interface driver smsc95xx
Feb 14 02:12:15 popcorn kernel: [    0.960000] usbcore: registered new interface driver net1080
Feb 14 02:12:15 popcorn kernel: [    0.965000] usbcore: registered new interface driver rndis_host
Feb 14 02:12:15 popcorn kernel: [    0.970000] usbcore: registered new interface driver cdc_subset
Feb 14 02:12:15 popcorn kernel: [    0.975000] usbcore: registered new interface driver zaurus
Feb 14 02:12:15 popcorn kernel: [    0.985000] usbcore: registered new interface driver cdc_ncm
Feb 14 02:12:15 popcorn kernel: [    0.990000] ehci_hcd: USB 2.0 'Enhanced' Host Controller (EHCI) Driver
Feb 14 02:12:15 popcorn kernel: [    0.995000] ehci-pci: EHCI PCI platform driver
Feb 14 02:12:15 popcorn kernel: [    1.000000] ehci-platform: EHCI generic platform driver
Feb 14 02:12:15 popcorn kernel: [    1.005000] ehci-omap: OMAP-EHCI Host Controller driver
Feb 14 02:12:15 popcorn kernel: [    1.010000] ehci-orion: EHCI orion driver
Feb 14 02:12:15 popcorn kernel: [    1.015000] ehci-st: EHCI STMicroelectronics driver
Feb 14 02:12:15 popcorn kernel: [    1.020000] ehci-exynos: EHCI EXYNOS driver
Feb 14 02:12:15 popcorn kernel: [    1.025000] ehci-atmel: EHCI Atmel driver
Feb 14 02:12:15 popcorn kernel: [    1.030000] tegra-ehci: Tegra EHCI driver
Feb 14 02:12:15 popcorn kernel: [    1.035000] ohci_hcd: USB 1.1 'Open' Host Controller (OHCI) Driver
Feb 14 02:12:15 popcorn kernel: [    1.040000] ohci-pci: OHCI PCI platform driver
Feb 14 02:12:15 popcorn kernel: [    1.045000] ohci-platform: OHCI generic platform driver
Feb 14 02:12:15 popcorn kernel: [    1.050000] ohci-omap3: OHCI OMAP3 driver
Feb 14 02:12:15 popcorn kernel: [    1.055000] ohci-st: OHCI STMicroelectronics driver
Feb 14 02:12:15 popcorn kernel: [    1.060000] ohci-atmel: OHCI Atmel driver
Feb 14 02:12:15 popcorn kernel: [    1.065000] usbcore: registered new interface driver usb-storage
Feb 14 02:12:15 popcorn kernel: [    1.070000] udc-core: couldn't find an available UDC - added [g_cdc] to list of pending drivers
Feb 14 02:12:15 popcorn kernel: [    1.080000] mousedev: PS/2 mouse device common for all mice
Feb 14 02:12:15 popcorn kernel: [    1.090000] i2c /dev entries driver
Feb 14 02:12:15 popcorn kernel: [    1.095000] axp20x 0-0034: AXP20x variant AXP209 found
Feb 14 02:12:15 popcorn kernel: [    1.105000] axp20x-gpio axp20x-gpio: AXP209 GPIO driver loaded
Feb 14 02:12:15 popcorn kernel: [    1.120000] input: axp20x-pek as /devices/platform/soc@01c00000/1c2ac00.i2c/i2c-0/0-0034/axp20x-pek/input/input0
Feb 14 02:12:15 popcorn kernel: [    1.135000] axp20x 0-0034: AXP20X driver loaded
Feb 14 02:12:15 popcorn kernel: [    1.145000] Driver for 1-wire Dallas network protocol.
Feb 14 02:12:15 popcorn kernel: [    1.150000] sunxi-wdt 1c20c90.watchdog: Watchdog enabled (timeout=16 sec, nowayout=0)
Feb 14 02:12:15 popcorn kernel: [    1.160000] sdhci: Secure Digital Host Controller Interface driver
Feb 14 02:12:15 popcorn kernel: [    1.165000] sdhci: Copyright(c) Pierre Ossman
Feb 14 02:12:15 popcorn kernel: [    1.175000] Synopsys Designware Multimedia Card Interface Driver
Feb 14 02:12:15 popcorn kernel: [    1.180000] sunxi-mmc 1c0f000.mmc: No vqmmc regulator found
Feb 14 02:12:15 popcorn kernel: [    1.185000] sunxi-mmc 1c0f000.mmc: allocated mmc-pwrseq
Feb 14 02:12:15 popcorn kernel: [    1.220000] sunxi-mmc 1c0f000.mmc: base:0xd0880000 irq:19
Feb 14 02:12:15 popcorn kernel: [    1.225000] sunxi-mmc 1c11000.mmc: No vqmmc regulator found
Feb 14 02:12:15 popcorn kernel: [    1.235000] sunxi-mmc 1c0f000.mmc: smc 0 err, cmd 8, RTO !!
Feb 14 02:12:15 popcorn kernel: [    1.250000] mmc0: new high speed SDIO card at address 0001
Feb 14 02:12:15 popcorn kernel: [    1.260000] sunxi-mmc 1c11000.mmc: base:0xd0882000 irq:20
Feb 14 02:12:15 popcorn kernel: [    1.265000] sdhci-pltfm: SDHCI platform and OF driver helper
Feb 14 02:12:15 popcorn kernel: [    1.270000] ledtrig-cpu: registered to indicate activity on CPUs
Feb 14 02:12:15 popcorn kernel: [    1.280000] hidraw: raw HID events driver (C) Jiri Kosina
Feb 14 02:12:15 popcorn kernel: [    1.285000] usbcore: registered new interface driver usbhid
Feb 14 02:12:15 popcorn kernel: [    1.290000] usbhid: USB HID core driver
Feb 14 02:12:15 popcorn kernel: [    1.295000] ip_tables: (C) 2000-2006 Netfilter Core Team
Feb 14 02:12:15 popcorn kernel: [    1.300000] NET: Registered protocol family 10
Feb 14 02:12:15 popcorn kernel: [    1.305000] sit: IPv6 over IPv4 tunneling driver
Feb 14 02:12:15 popcorn kernel: [    1.315000] NET: Registered protocol family 17
Feb 14 02:12:15 popcorn kernel: [    1.315000] can: controller area network core (rev 20120528 abi 9)
Feb 14 02:12:15 popcorn kernel: [    1.325000] NET: Registered protocol family 29
Feb 14 02:12:15 popcorn kernel: [    1.330000] can: raw protocol (rev 20120528)
Feb 14 02:12:15 popcorn kernel: [    1.335000] can: broadcast manager protocol (rev 20120528 t)
Feb 14 02:12:15 popcorn kernel: [    1.340000] can: netlink gateway (rev 20130117) max_hops=1
Feb 14 02:12:15 popcorn kernel: [    1.345000] Key type dns_resolver registered
Feb 14 02:12:15 popcorn kernel: [    1.350000] cpu: dev_pm_opp_of_cpumask_add_table: couldn't find opp table for cpu:0, -19
Feb 14 02:12:15 popcorn kernel: [    1.360000] cpu cpu0: dev_pm_opp_get_opp_count: device OPP not found (-19)
Feb 14 02:12:15 popcorn kernel: [    1.365000] ThumbEE CPU extension supported.
Feb 14 02:12:15 popcorn kernel: [    1.370000] Registering SWP/SWPB emulation handler
Feb 14 02:12:15 popcorn kernel: [    1.380000] sunxi-mmc 1c11000.mmc: smc 1 err, cmd 8, RTO !!
Feb 14 02:12:15 popcorn kernel: [    1.390000] hctosys: unable to open rtc device (rtc0)
Feb 14 02:12:15 popcorn kernel: [    1.395000] of_cfs_init
Feb 14 02:12:15 popcorn kernel: [    1.400000] of_cfs_init: OK
Feb 14 02:12:15 popcorn kernel: [    1.410000] vcc3v0: disabling
Feb 14 02:12:15 popcorn kernel: [    1.410000] vcc5v0: disabling
Feb 14 02:12:15 popcorn kernel: [    1.415000] Waiting for root device /dev/mmcblk0p2...
Feb 14 02:12:15 popcorn kernel: [    1.420000] sunxi-mmc 1c11000.mmc: smc 1 err, cmd 55, RTO !!
Feb 14 02:12:15 popcorn kernel: [    1.425000] sunxi-mmc 1c11000.mmc: smc 1 err, cmd 55, RTO !!
Feb 14 02:12:15 popcorn kernel: [    1.435000] sunxi-mmc 1c11000.mmc: smc 1 err, cmd 55, RTO !!
Feb 14 02:12:15 popcorn kernel: [    1.440000] sunxi-mmc 1c11000.mmc: smc 1 err, cmd 55, RTO !!
Feb 14 02:12:15 popcorn kernel: [    1.495000] mmc1: MAN_BKOPS_EN bit is not set
Feb 14 02:12:15 popcorn kernel: [    1.500000] mmc1: new high speed MMC card at address 0001
Feb 14 02:12:15 popcorn kernel: [    1.510000] mmcblk0: mmc1:0001 NCard  7.22 GiB 
Feb 14 02:12:15 popcorn kernel: [    1.510000] mmcblk0boot0: mmc1:0001 NCard  partition 1 4.00 MiB
Feb 14 02:12:15 popcorn kernel: [    1.520000] mmcblk0boot1: mmc1:0001 NCard  partition 2 4.00 MiB
Feb 14 02:12:15 popcorn kernel: [    1.525000]  mmcblk0: p1 p2
Feb 14 02:12:15 popcorn kernel: [    2.365000] EXT4-fs (mmcblk0p2): recovery complete
Feb 14 02:12:15 popcorn kernel: [    2.370000] EXT4-fs (mmcblk0p2): mounted filesystem with ordered data mode. Opts: (null)
Feb 14 02:12:15 popcorn kernel: [    2.380000] VFS: Mounted root (ext4 filesystem) on device 179:2.
Feb 14 02:12:15 popcorn kernel: [    2.385000] devtmpfs: mounted
Feb 14 02:12:15 popcorn kernel: [    2.390000] Freeing unused kernel memory: 1080K
Feb 14 02:12:15 popcorn kernel: [    4.140000] random: systemd: uninitialized urandom read (16 bytes read, 60 bits of entropy available)
Feb 14 02:12:15 popcorn kernel: [    4.160000] random: systemd: uninitialized urandom read (16 bytes read, 60 bits of entropy available)
Feb 14 02:12:15 popcorn kernel: [    4.195000] random: systemd: uninitialized urandom read (16 bytes read, 60 bits of entropy available)
Feb 14 02:12:15 popcorn kernel: [    4.230000] random: systemd: uninitialized urandom read (16 bytes read, 60 bits of entropy available)
Feb 14 02:12:15 popcorn kernel: [    4.255000] random: systemd: uninitialized urandom read (16 bytes read, 61 bits of entropy available)
Feb 14 02:12:15 popcorn kernel: [    4.280000] random: systemd: uninitialized urandom read (16 bytes read, 61 bits of entropy available)
Feb 14 02:12:15 popcorn kernel: [    4.305000] random: systemd: uninitialized urandom read (16 bytes read, 61 bits of entropy available)
Feb 14 02:12:15 popcorn kernel: [    4.330000] random: systemd: uninitialized urandom read (16 bytes read, 61 bits of entropy available)
Feb 14 02:12:15 popcorn kernel: [    4.375000] random: systemd: uninitialized urandom read (16 bytes read, 61 bits of entropy available)
Feb 14 02:12:15 popcorn kernel: [    4.400000] random: systemd: uninitialized urandom read (16 bytes read, 61 bits of entropy available)
Feb 14 02:12:15 popcorn kernel: [   13.135000] sun4i-codec 1c22c00.codec: Codec <-> 1c22c00.codec mapping ok
Feb 14 02:12:15 popcorn kernel: [   13.285000] ehci-platform 1c14000.usb: EHCI Host Controller
Feb 14 02:12:15 popcorn kernel: [   13.285000] ehci-platform 1c14000.usb: new USB bus registered, assigned bus number 1
Feb 14 02:12:15 popcorn kernel: [   13.285000] ehci-platform 1c14000.usb: irq 22, io mem 0x01c14000
Feb 14 02:12:15 popcorn kernel: [   13.295000] ehci-platform 1c14000.usb: USB 2.0 started, EHCI 1.00
Feb 14 02:12:15 popcorn kernel: [   13.300000] hub 1-0:1.0: USB hub found
Feb 14 02:12:15 popcorn kernel: [   13.300000] hub 1-0:1.0: 1 port detected
Feb 14 02:12:15 popcorn kernel: [   13.300000] ohci-platform 1c14400.usb: Generic Platform OHCI controller
Feb 14 02:12:15 popcorn kernel: [   13.300000] ohci-platform 1c14400.usb: new USB bus registered, assigned bus number 2
Feb 14 02:12:15 popcorn kernel: [   13.300000] ohci-platform 1c14400.usb: irq 23, io mem 0x01c14400
Feb 14 02:12:15 popcorn kernel: [   13.375000] hub 2-0:1.0: USB hub found
Feb 14 02:12:15 popcorn kernel: [   13.380000] hub 2-0:1.0: 1 port detected
Feb 14 02:12:15 popcorn kernel: [   13.380000] usb_phy_generic.0.auto supply vcc not found, using dummy regulator
Feb 14 02:12:15 popcorn kernel: [   13.380000] musb-hdrc: ConfigData=0xde (UTMI-8, dyn FIFOs, bulk combine, bulk split, HB-ISO Rx, HB-ISO Tx, SoftConn)
Feb 14 02:12:15 popcorn kernel: [   13.380000] musb-hdrc: MHDRC RTL version 0.0 
Feb 14 02:12:15 popcorn kernel: [   13.380000] musb-hdrc: 11/11 max ep, 5184/8192 memory
Feb 14 02:12:15 popcorn kernel: [   13.380000] musb-hdrc musb-hdrc.1.auto: MUSB HDRC host driver
Feb 14 02:12:15 popcorn kernel: [   13.380000] musb-hdrc musb-hdrc.1.auto: new USB bus registered, assigned bus number 3
Feb 14 02:12:15 popcorn kernel: [   13.380000] hub 3-0:1.0: USB hub found
Feb 14 02:12:15 popcorn kernel: [   13.380000] hub 3-0:1.0: 1 port detected
Feb 14 02:12:15 popcorn kernel: [   13.385000] using random self ethernet address
Feb 14 02:12:15 popcorn kernel: [   13.385000] using random host ethernet address
Feb 14 02:12:15 popcorn kernel: [   13.435000] usb0: HOST MAC b6:ec:63:39:15:eb
Feb 14 02:12:15 popcorn kernel: [   13.435000] usb0: MAC 72:ba:13:33:ee:86
Feb 14 02:12:15 popcorn kernel: [   13.435000] g_cdc gadget: CDC Composite Gadget, version: King Kamehameha Day 2008
Feb 14 02:12:15 popcorn kernel: [   13.435000] g_cdc gadget: g_cdc ready
Feb 14 02:12:15 popcorn kernel: [   18.550000] random: nonblocking pool is initialized
Feb 14 02:12:15 popcorn kernel: [    0.000000] Booting Linux on physical CPU 0x0
Feb 14 02:12:15 popcorn kernel: [    0.000000] Initializing cgroup subsys cpuset
Feb 14 02:12:15 popcorn kernel: [    0.000000] Initializing cgroup subsys cpu
Feb 14 02:12:15 popcorn kernel: [    0.000000] Initializing cgroup subsys cpuacct
Feb 14 02:12:15 popcorn kernel: [    0.000000] Linux version 4.4.139- (akash@akash-vr) (gcc version 7.2.1 20171011 (Linaro GCC 7.2-2017.11) ) #4 SMP Wed Jun 5 12:26:00 IST 2019
Feb 14 02:12:15 popcorn kernel: [    0.000000] CPU: ARMv7 Processor [413fc082] revision 2 (ARMv7), cr=10c5387d
Feb 14 02:12:15 popcorn kernel: [    0.000000] CPU: PIPT / VIPT nonaliasing data cache, VIPT aliasing instruction cache
Feb 14 02:12:15 popcorn kernel: [    0.000000] Machine model: Source Parts Kettlepop
Feb 14 02:12:15 popcorn kernel: [    0.000000] cma: Reserved 64 MiB at 0x4c000000
Feb 14 02:12:15 popcorn kernel: [    0.000000] Memory policy: Data cache writeback
Feb 14 02:12:15 popcorn kernel: [    0.000000] On node 0 totalpages: 65536
Feb 14 02:12:15 popcorn kernel: [    0.000000] free_area_init_node: node 0, pgdat c1123200, node_mem_map cbd99000
Feb 14 02:12:15 popcorn kernel: [    0.000000]   DMA zone: 576 pages used for memmap
Feb 14 02:12:15 popcorn kernel: [    0.000000]   DMA zone: 0 pages reserved
Feb 14 02:12:15 popcorn kernel: [    0.000000]   DMA zone: 65536 pages, LIFO batch:15
Feb 14 02:12:15 popcorn kernel: [    0.000000] CPU: All CPU(s) started in SVC mode.
Feb 14 02:12:15 popcorn kernel: [    0.000000] PERCPU: Embedded 12 pages/cpu @cbd6d000 s18828 r8192 d22132 u49152
Feb 14 02:12:15 popcorn kernel: [    0.000000] pcpu-alloc: s18828 r8192 d22132 u49152 alloc=12*4096
Feb 14 02:12:15 popcorn kernel: [    0.000000] pcpu-alloc: [0] 0 
Feb 14 02:12:15 popcorn kernel: [    0.000000] Built 1 zonelists in Zone order, mobility grouping on.  Total pages: 64960
Feb 14 02:12:15 popcorn kernel: [    0.000000] Kernel command line: console=ttyS0,115200 root=/dev/mmcblk0p2 rootfstype=ext4 rootwait rw panic=10
Feb 14 02:12:15 popcorn kernel: [    0.000000] PID hash table entries: 1024 (order: 0, 4096 bytes)
Feb 14 02:12:15 popcorn kernel: [    0.000000] Dentry cache hash table entries: 32768 (order: 5, 131072 bytes)
Feb 14 02:12:15 popcorn kernel: [    0.000000] Inode-cache hash table entries: 16384 (order: 4, 65536 bytes)
Feb 14 02:12:15 popcorn kernel: [    0.000000] Memory: 177784K/262144K available (9144K kernel code, 1141K rwdata, 4208K rodata, 1080K init, 349K bss, 18824K reserved, 65536K cma-reserved, 0K highmem)
Feb 14 02:12:15 popcorn kernel: [    0.000000] Virtual kernel memory layout:
Feb 14 02:12:15 popcorn kernel: [    0.000000]     vector  : 0xffff0000 - 0xffff1000   (   4 kB)
Feb 14 02:12:15 popcorn kernel: [    0.000000]     fixmap  : 0xffc00000 - 0xfff00000   (3072 kB)
Feb 14 02:12:15 popcorn kernel: [    0.000000]     vmalloc : 0xd0800000 - 0xff800000   ( 752 MB)
Feb 14 02:12:15 popcorn kernel: [    0.000000]     lowmem  : 0xc0000000 - 0xd0000000   ( 256 MB)
Feb 14 02:12:15 popcorn kernel: [    0.000000]     pkmap   : 0xbfe00000 - 0xc0000000   (   2 MB)
Feb 14 02:12:15 popcorn kernel: [    0.000000]     modules : 0xbf000000 - 0xbfe00000   (  14 MB)
Feb 14 02:12:15 popcorn kernel: [    0.000000]       .text : 0xc0208000 - 0xc0f131a0   (13357 kB)
Feb 14 02:12:15 popcorn kernel: [    0.000000]       .init : 0xc0f14000 - 0xc1022000   (1080 kB)
Feb 14 02:12:15 popcorn kernel: [    0.000000]       .data : 0xc1022000 - 0xc113f678   (1142 kB)
Feb 14 02:12:15 popcorn kernel: [    0.000000]        .bss : 0xc1142000 - 0xc11996c0   ( 350 kB)
Feb 14 02:12:15 popcorn kernel: [    0.000000] SLUB: HWalign=64, Order=0-3, MinObjects=0, CPUs=1, Nodes=1
Feb 14 02:12:15 popcorn kernel: [    0.000000] Hierarchical RCU implementation.
Feb 14 02:12:15 popcorn kernel: [    0.000000] 	Build-time adjustment of leaf fanout to 32.
Feb 14 02:12:15 popcorn kernel: [    0.000000] 	RCU restricting CPUs from NR_CPUS=16 to nr_cpu_ids=1.
Feb 14 02:12:15 popcorn kernel: [    0.000000] RCU: Adjusting geometry for rcu_fanout_leaf=32, nr_cpu_ids=1
Feb 14 02:12:15 popcorn kernel: [    0.000000] NR_IRQS:16 nr_irqs:16 16
Feb 14 02:12:15 popcorn kernel: [    0.000000] clocksource: timer: mask: 0xffffffff max_cycles: 0xffffffff, max_idle_ns: 79635851949 ns
Feb 14 02:12:15 popcorn kernel: [    0.000000] clocksource: timer: mask: 0xffffffff max_cycles: 0xffffffff, max_idle_ns: 6370868154 ns
Feb 14 02:12:15 popcorn kernel: [    0.000000] sched_clock: 32 bits at 200 Hz, resolution 5000000ns, wraps every 10737418237500000ns
Feb 14 02:12:15 popcorn kernel: [    0.000000] Console: colour dummy device 80x30
Feb 14 02:12:15 popcorn kernel: [    0.025000] Calibrating delay loop... 1002.70 BogoMIPS (lpj=2506752)
Feb 14 02:12:15 popcorn kernel: [    0.025000] pid_max: default: 32768 minimum: 301
Feb 14 02:12:15 popcorn kernel: [    0.025000] Mount-cache hash table entries: 1024 (order: 0, 4096 bytes)
Feb 14 02:12:15 popcorn kernel: [    0.025000] Mountpoint-cache hash table entries: 1024 (order: 0, 4096 bytes)
Feb 14 02:12:15 popcorn kernel: [    0.025000] Initializing cgroup subsys io
Feb 14 02:12:15 popcorn kernel: [    0.025000] Initializing cgroup subsys memory
Feb 14 02:12:15 popcorn kernel: [    0.025000] Initializing cgroup subsys devices
Feb 14 02:12:15 popcorn kernel: [    0.025000] Initializing cgroup subsys freezer
Feb 14 02:12:15 popcorn kernel: [    0.025000] Initializing cgroup subsys net_cls
Feb 14 02:12:15 popcorn kernel: [    0.025000] Initializing cgroup subsys net_prio
Feb 14 02:12:15 popcorn kernel: [    0.025000] Initializing cgroup subsys pids
Feb 14 02:12:15 popcorn kernel: [    0.025000] CPU: Testing write buffer coherency: ok
Feb 14 02:12:15 popcorn kernel: [    0.025000] CPU0: thread -1, cpu 0, socket -1, mpidr 0
Feb 14 02:12:15 popcorn kernel: [    0.025000] Setting up static identity map for 0x40209000 - 0x40209098
Feb 14 02:12:15 popcorn kernel: [    0.030000] Brought up 1 CPUs
Feb 14 02:12:15 popcorn kernel: [    0.030000] SMP: Total of 1 processors activated (1002.70 BogoMIPS).
Feb 14 02:12:15 popcorn kernel: [    0.030000] CPU: All CPU(s) started in SVC mode.
Feb 14 02:12:15 popcorn kernel: [    0.030000] devtmpfs: initialized
Feb 14 02:12:15 popcorn kernel: [    0.045000] VFP support v0.3: implementor 41 architecture 3 part 30 variant c rev 3
Feb 14 02:12:15 popcorn kernel: [    0.045000] clocksource: jiffies: mask: 0xffffffff max_cycles: 0xffffffff, max_idle_ns: 9556302231375000 ns
Feb 14 02:12:15 popcorn kernel: [    0.045000] futex hash table entries: 256 (order: 2, 16384 bytes)
Feb 14 02:12:15 popcorn kernel: [    0.050000] pinctrl core: initialized pinctrl subsystem
Feb 14 02:12:15 popcorn kernel: [    0.050000] NET: Registered protocol family 16
Feb 14 02:12:15 popcorn kernel: [    0.055000] DMA: preallocated 256 KiB pool for atomic coherent allocations
Feb 14 02:12:15 popcorn kernel: [    0.055000] cpuidle: using governor ladder
Feb 14 02:12:15 popcorn kernel: [    0.055000] cpuidle: using governor menu
Feb 14 02:12:15 popcorn kernel: [    0.060000] No ATAGs?
Feb 14 02:12:15 popcorn kernel: [    0.060000] hw-breakpoint: debug architecture 0x4 unsupported.
Feb 14 02:12:15 popcorn kernel: [    0.065000] Serial: AMBA PL011 UART driver
Feb 14 02:12:15 popcorn kernel: [    0.080000] vgaarb: loaded
Feb 14 02:12:15 popcorn kernel: [    0.080000] SCSI subsystem initialized
Feb 14 02:12:15 popcorn kernel: [    0.080000] libata version 3.00 loaded.
Feb 14 02:12:15 popcorn kernel: [    0.080000] usbcore: registered new interface driver usbfs
Feb 14 02:12:15 popcorn kernel: [    0.080000] usbcore: registered new interface driver hub
Feb 14 02:12:15 popcorn kernel: [    0.080000] usbcore: registered new device driver usb
Feb 14 02:12:15 popcorn kernel: [    0.080000] pps_core: LinuxPPS API ver. 1 registered
Feb 14 02:12:15 popcorn kernel: [    0.080000] pps_core: Software ver. 5.3.6 - Copyright 2005-2007 Rodolfo Giometti <giometti@linux.it>
Feb 14 02:12:15 popcorn kernel: [    0.080000] PTP clock support registered
Feb 14 02:12:15 popcorn kernel: [    0.080000] EDAC MC: Ver: 3.0.0
Feb 14 02:12:15 popcorn kernel: [    0.085000] clocksource: Switched to clocksource timer
Feb 14 02:12:15 popcorn kernel: [    0.095000] NET: Registered protocol family 2
Feb 14 02:12:15 popcorn kernel: [    0.095000] TCP established hash table entries: 2048 (order: 1, 8192 bytes)
Feb 14 02:12:15 popcorn kernel: [    0.095000] TCP bind hash table entries: 2048 (order: 2, 16384 bytes)
Feb 14 02:12:15 popcorn kernel: [    0.095000] TCP: Hash tables configured (established 2048 bind 2048)
Feb 14 02:12:15 popcorn kernel: [    0.095000] UDP hash table entries: 256 (order: 1, 8192 bytes)
Feb 14 02:12:15 popcorn kernel: [    0.095000] UDP-Lite hash table entries: 256 (order: 1, 8192 bytes)
Feb 14 02:12:15 popcorn kernel: [    0.095000] NET: Registered protocol family 1
Feb 14 02:12:15 popcorn kernel: [    0.095000] RPC: Registered named UNIX socket transport module.
Feb 14 02:12:15 popcorn kernel: [    0.095000] RPC: Registered udp transport module.
Feb 14 02:12:15 popcorn kernel: [    0.095000] RPC: Registered tcp transport module.
Feb 14 02:12:15 popcorn kernel: [    0.095000] RPC: Registered tcp NFSv4.1 backchannel transport module.
Feb 14 02:12:15 popcorn kernel: [    0.095000] PCI: CLS 0 bytes, default 64
Feb 14 02:12:15 popcorn kernel: [    0.110000] squashfs: version 4.0 (2009/01/31) Phillip Lougher
Feb 14 02:12:15 popcorn kernel: [    0.110000] NFS: Registering the id_resolver key type
Feb 14 02:12:15 popcorn kernel: [    0.110000] Key type id_resolver registered
Feb 14 02:12:15 popcorn kernel: [    0.110000] Key type id_legacy registered
Feb 14 02:12:15 popcorn kernel: [    0.110000] ntfs: driver 2.1.32 [Flags: R/W].
Feb 14 02:12:15 popcorn kernel: [    0.110000] Block layer SCSI generic (bsg) driver version 0.4 loaded (major 249)
Feb 14 02:12:15 popcorn kernel: [    0.110000] io scheduler noop registered
Feb 14 02:12:15 popcorn kernel: [    0.110000] io scheduler deadline registered
Feb 14 02:12:15 popcorn kernel: [    0.110000] io scheduler cfq registered (default)
Feb 14 02:12:15 popcorn kernel: [    0.115000] gr8-pinctrl 1c20800.pinctrl: initialized sunXi PIO driver
Feb 14 02:12:15 popcorn kernel: [    0.190000] Serial: 8250/16550 driver, 4 ports, IRQ sharing disabled
Feb 14 02:12:15 popcorn kernel: [    0.190000] console [ttyS0] disabled
Feb 14 02:12:15 popcorn kernel: [    0.210000] 1c28400.serial: ttyS0 at MMIO 0x1c28400 (irq = 27, base_baud = 1500000) is a U6_16550A
Feb 14 02:12:15 popcorn kernel: [    0.790000] console [ttyS0] enabled
Feb 14 02:12:15 popcorn kernel: [    0.815000] 1c28800.serial: ttyS1 at MMIO 0x1c28800 (irq = 28, base_baud = 1500000) is a U6_16550A
Feb 14 02:12:15 popcorn kernel: [    0.845000] 1c28c00.serial: ttyS2 at MMIO 0x1c28c00 (irq = 29, base_baud = 1500000) is a U6_16550A
Feb 14 02:12:15 popcorn kernel: [    0.855000] SuperH (H)SCI(F) driver initialized
Feb 14 02:12:15 popcorn kernel: [    0.860000] msm_serial: driver initialized
Feb 14 02:12:15 popcorn kernel: [    0.865000] STMicroelectronics ASC driver initialized
Feb 14 02:12:15 popcorn kernel: [    0.870000] [drm] Initialized drm 1.1.0 20060810
Feb 14 02:12:15 popcorn kernel: [    0.885000] loop: module loaded
Feb 14 02:12:15 popcorn kernel: [    0.895000] libphy: Fixed MDIO Bus: probed
Feb 14 02:12:15 popcorn kernel: [    0.900000] CAN device driver interface
Feb 14 02:12:15 popcorn kernel: [    0.900000] igb: Intel(R) Gigabit Ethernet Network Driver - version 5.3.0-k
Feb 14 02:12:15 popcorn kernel: [    0.910000] igb: Copyright (c) 2007-2014 Intel Corporation.
Feb 14 02:12:15 popcorn kernel: [    0.915000] pegasus: v0.9.3 (2013/04/25), Pegasus/Pegasus II USB Ethernet driver
Feb 14 02:12:15 popcorn kernel: [    0.925000] usbcore: registered new interface driver pegasus
Feb 14 02:12:15 popcorn kernel: [    0.930000] usbcore: registered new interface driver asix
Feb 14 02:12:15 popcorn kernel: [    0.935000] usbcore: registered new interface driver ax88179_178a
Feb 14 02:12:15 popcorn kernel: [    0.940000] usbcore: registered new interface driver cdc_ether
Feb 14 02:12:15 popcorn kernel: [    0.950000] usbcore: registered new interface driver smsc75xx
Feb 14 02:12:15 popcorn kernel: [    0.955000] usbcore: registered new interface driver smsc95xx
Feb 14 02:12:15 popcorn kernel: [    0.960000] usbcore: registered new interface driver net1080
Feb 14 02:12:15 popcorn kernel: [    0.965000] usbcore: registered new interface driver rndis_host
Feb 14 02:12:15 popcorn kernel: [    0.970000] usbcore: registered new interface driver cdc_subset
Feb 14 02:12:15 popcorn kernel: [    0.975000] usbcore: registered new interface driver zaurus
Feb 14 02:12:15 popcorn kernel: [    0.985000] usbcore: registered new interface driver cdc_ncm
Feb 14 02:12:15 popcorn kernel: [    0.990000] ehci_hcd: USB 2.0 'Enhanced' Host Controller (EHCI) Driver
Feb 14 02:12:15 popcorn kernel: [    0.995000] ehci-pci: EHCI PCI platform driver
Feb 14 02:12:15 popcorn kernel: [    1.000000] ehci-platform: EHCI generic platform driver
Feb 14 02:12:15 popcorn kernel: [    1.005000] ehci-omap: OMAP-EHCI Host Controller driver
Feb 14 02:12:15 popcorn kernel: [    1.010000] ehci-orion: EHCI orion driver
Feb 14 02:12:15 popcorn kernel: [    1.015000] ehci-st: EHCI STMicroelectronics driver
Feb 14 02:12:15 popcorn kernel: [    1.020000] ehci-exynos: EHCI EXYNOS driver
Feb 14 02:12:15 popcorn kernel: [    1.025000] ehci-atmel: EHCI Atmel driver
Feb 14 02:12:15 popcorn kernel: [    1.030000] tegra-ehci: Tegra EHCI driver
Feb 14 02:12:15 popcorn kernel: [    1.035000] ohci_hcd: USB 1.1 'Open' Host Controller (OHCI) Driver
Feb 14 02:12:15 popcorn kernel: [    1.040000] ohci-pci: OHCI PCI platform driver
Feb 14 02:12:15 popcorn kernel: [    1.045000] ohci-platform: OHCI generic platform driver
Feb 14 02:12:15 popcorn kernel: [    1.050000] ohci-omap3: OHCI OMAP3 driver
Feb 14 02:12:15 popcorn kernel: [    1.055000] ohci-st: OHCI STMicroelectronics driver
Feb 14 02:12:15 popcorn kernel: [    1.060000] ohci-atmel: OHCI Atmel driver
Feb 14 02:12:15 popcorn kernel: [    1.065000] usbcore: registered new interface driver usb-storage
Feb 14 02:12:15 popcorn kernel: [    1.070000] udc-core: couldn't find an available UDC - added [g_cdc] to list of pending drivers
Feb 14 02:12:15 popcorn kernel: [    1.080000] mousedev: PS/2 mouse device common for all mice
Feb 14 02:12:15 popcorn kernel: [    1.090000] i2c /dev entries driver
Feb 14 02:12:15 popcorn kernel: [    1.095000] axp20x 0-0034: AXP20x variant AXP209 found
Feb 14 02:12:15 popcorn kernel: [    1.105000] axp20x-gpio axp20x-gpio: AXP209 GPIO driver loaded
Feb 14 02:12:15 popcorn kernel: [    1.120000] input: axp20x-pek as /devices/platform/soc@01c00000/1c2ac00.i2c/i2c-0/0-0034/axp20x-pek/input/input0
Feb 14 02:12:15 popcorn kernel: [    1.135000] axp20x 0-0034: AXP20X driver loaded
Feb 14 02:12:15 popcorn kernel: [    1.145000] Driver for 1-wire Dallas network protocol.
Feb 14 02:12:15 popcorn kernel: [    1.150000] sunxi-wdt 1c20c90.watchdog: Watchdog enabled (timeout=16 sec, nowayout=0)
Feb 14 02:12:15 popcorn kernel: [    1.160000] sdhci: Secure Digital Host Controller Interface driver
Feb 14 02:12:15 popcorn kernel: [    1.165000] sdhci: Copyright(c) Pierre Ossman
Feb 14 02:12:15 popcorn kernel: [    1.175000] Synopsys Designware Multimedia Card Interface Driver
Feb 14 02:12:15 popcorn kernel: [    1.180000] sunxi-mmc 1c0f000.mmc: No vqmmc regulator found
Feb 14 02:12:15 popcorn kernel: [    1.185000] sunxi-mmc 1c0f000.mmc: allocated mmc-pwrseq
Feb 14 02:12:15 popcorn kernel: [    1.220000] sunxi-mmc 1c0f000.mmc: base:0xd0880000 irq:19
Feb 14 02:12:15 popcorn kernel: [    1.225000] sunxi-mmc 1c11000.mmc: No vqmmc regulator found
Feb 14 02:12:15 popcorn kernel: [    1.235000] sunxi-mmc 1c0f000.mmc: smc 0 err, cmd 8, RTO !!
Feb 14 02:12:15 popcorn kernel: [    1.250000] mmc0: new high speed SDIO card at address 0001
Feb 14 02:12:15 popcorn kernel: [    1.260000] sunxi-mmc 1c11000.mmc: base:0xd0882000 irq:20
Feb 14 02:12:15 popcorn kernel: [    1.265000] sdhci-pltfm: SDHCI platform and OF driver helper
Feb 14 02:12:15 popcorn kernel: [    1.270000] ledtrig-cpu: registered to indicate activity on CPUs
Feb 14 02:12:15 popcorn kernel: [    1.280000] hidraw: raw HID events driver (C) Jiri Kosina
Feb 14 02:12:15 popcorn kernel: [    1.285000] usbcore: registered new interface driver usbhid
Feb 14 02:12:15 popcorn kernel: [    1.290000] usbhid: USB HID core driver
Feb 14 02:12:15 popcorn kernel: [    1.295000] ip_tables: (C) 2000-2006 Netfilter Core Team
Feb 14 02:12:15 popcorn kernel: [    1.300000] NET: Registered protocol family 10
Feb 14 02:12:15 popcorn kernel: [    1.305000] sit: IPv6 over IPv4 tunneling driver
Feb 14 02:12:15 popcorn kernel: [    1.315000] NET: Registered protocol family 17
Feb 14 02:12:15 popcorn kernel: [    1.315000] can: controller area network core (rev 20120528 abi 9)
Feb 14 02:12:15 popcorn kernel: [    1.325000] NET: Registered protocol family 29
Feb 14 02:12:15 popcorn kernel: [    1.330000] can: raw protocol (rev 20120528)
Feb 14 02:12:15 popcorn kernel: [    1.335000] can: broadcast manager protocol (rev 20120528 t)
Feb 14 02:12:15 popcorn kernel: [    1.340000] can: netlink gateway (rev 20130117) max_hops=1
Feb 14 02:12:15 popcorn kernel: [    1.345000] Key type dns_resolver registered
Feb 14 02:12:15 popcorn kernel: [    1.350000] cpu: dev_pm_opp_of_cpumask_add_table: couldn't find opp table for cpu:0, -19
Feb 14 02:12:15 popcorn kernel: [    1.360000] cpu cpu0: dev_pm_opp_get_opp_count: device OPP not found (-19)
Feb 14 02:12:15 popcorn kernel: [    1.365000] ThumbEE CPU extension supported.
Feb 14 02:12:15 popcorn kernel: [    1.370000] Registering SWP/SWPB emulation handler
Feb 14 02:12:15 popcorn kernel: [    1.380000] sunxi-mmc 1c11000.mmc: smc 1 err, cmd 8, RTO !!
Feb 14 02:12:15 popcorn kernel: [    1.390000] hctosys: unable to open rtc device (rtc0)
Feb 14 02:12:15 popcorn kernel: [    1.395000] of_cfs_init
Feb 14 02:12:15 popcorn kernel: [    1.400000] of_cfs_init: OK
Feb 14 02:12:15 popcorn kernel: [    1.410000] vcc3v0: disabling
Feb 14 02:12:15 popcorn kernel: [    1.410000] vcc5v0: disabling
Feb 14 02:12:15 popcorn kernel: [    1.415000] Waiting for root device /dev/mmcblk0p2...
Feb 14 02:12:15 popcorn kernel: [    1.420000] sunxi-mmc 1c11000.mmc: smc 1 err, cmd 55, RTO !!
Feb 14 02:12:15 popcorn kernel: [    1.425000] sunxi-mmc 1c11000.mmc: smc 1 err, cmd 55, RTO !!
Feb 14 02:12:15 popcorn kernel: [    1.435000] sunxi-mmc 1c11000.mmc: smc 1 err, cmd 55, RTO !!
Feb 14 02:12:15 popcorn kernel: [    1.440000] sunxi-mmc 1c11000.mmc: smc 1 err, cmd 55, RTO !!
Feb 14 02:12:15 popcorn kernel: [    1.495000] mmc1: MAN_BKOPS_EN bit is not set
Feb 14 02:12:15 popcorn kernel: [    1.500000] mmc1: new high speed MMC card at address 0001
Feb 14 02:12:15 popcorn kernel: [    1.510000] mmcblk0: mmc1:0001 NCard  7.22 GiB 
Feb 14 02:12:15 popcorn kernel: [    1.515000] mmcblk0boot0: mmc1:0001 NCard  partition 1 4.00 MiB
Feb 14 02:12:15 popcorn kernel: [    1.520000] mmcblk0boot1: mmc1:0001 NCard  partition 2 4.00 MiB
Feb 14 02:12:15 popcorn kernel: [    1.525000]  mmcblk0: p1 p2
Feb 14 02:12:15 popcorn kernel: [    1.750000] EXT4-fs (mmcblk0p2): recovery complete
Feb 14 02:12:15 popcorn kernel: [    1.755000] EXT4-fs (mmcblk0p2): mounted filesystem with ordered data mode. Opts: (null)
Feb 14 02:12:15 popcorn kernel: [    1.760000] VFS: Mounted root (ext4 filesystem) on device 179:2.
Feb 14 02:12:15 popcorn kernel: [    1.770000] devtmpfs: mounted
Feb 14 02:12:15 popcorn kernel: [    1.775000] Freeing unused kernel memory: 1080K
Feb 14 02:12:15 popcorn kernel: [    3.285000] random: systemd: uninitialized urandom read (16 bytes read, 67 bits of entropy available)
Feb 14 02:12:15 popcorn kernel: [    3.310000] random: systemd: uninitialized urandom read (16 bytes read, 67 bits of entropy available)
Feb 14 02:12:15 popcorn kernel: [    3.345000] random: systemd: uninitialized urandom read (16 bytes read, 67 bits of entropy available)
Feb 14 02:12:15 popcorn kernel: [    3.370000] random: systemd: uninitialized urandom read (16 bytes read, 67 bits of entropy available)
Feb 14 02:12:15 popcorn kernel: [    3.395000] random: systemd: uninitialized urandom read (16 bytes read, 68 bits of entropy available)
Feb 14 02:12:15 popcorn kernel: [    3.420000] random: systemd: uninitialized urandom read (16 bytes read, 68 bits of entropy available)
Feb 14 02:12:15 popcorn kernel: [    3.445000] random: systemd: uninitialized urandom read (16 bytes read, 68 bits of entropy available)
Feb 14 02:12:15 popcorn kernel: [    3.490000] random: systemd: uninitialized urandom read (16 bytes read, 68 bits of entropy available)
Feb 14 02:12:15 popcorn kernel: [    3.515000] random: systemd: uninitialized urandom read (16 bytes read, 68 bits of entropy available)
Feb 14 02:12:15 popcorn kernel: [    3.595000] random: systemd: uninitialized urandom read (16 bytes read, 68 bits of entropy available)
Feb 14 02:12:15 popcorn kernel: [   12.195000] ehci-platform 1c14000.usb: EHCI Host Controller
Feb 14 02:12:15 popcorn kernel: [   12.195000] ehci-platform 1c14000.usb: new USB bus registered, assigned bus number 1
Feb 14 02:12:15 popcorn kernel: [   12.195000] ehci-platform 1c14000.usb: irq 22, io mem 0x01c14000
Feb 14 02:12:15 popcorn kernel: [   12.205000] ehci-platform 1c14000.usb: USB 2.0 started, EHCI 1.00
Feb 14 02:12:15 popcorn kernel: [   12.205000] hub 1-0:1.0: USB hub found
Feb 14 02:12:15 popcorn kernel: [   12.205000] hub 1-0:1.0: 1 port detected
Feb 14 02:12:15 popcorn kernel: [   12.205000] ohci-platform 1c14400.usb: Generic Platform OHCI controller
Feb 14 02:12:15 popcorn kernel: [   12.205000] ohci-platform 1c14400.usb: new USB bus registered, assigned bus number 2
Feb 14 02:12:15 popcorn kernel: [   12.205000] ohci-platform 1c14400.usb: irq 23, io mem 0x01c14400
Feb 14 02:12:15 popcorn kernel: [   12.285000] hub 2-0:1.0: USB hub found
Feb 14 02:12:15 popcorn kernel: [   12.295000] hub 2-0:1.0: 1 port detected
Feb 14 02:12:15 popcorn kernel: [   12.295000] sun4i-codec 1c22c00.codec: Codec <-> 1c22c00.codec mapping ok
Feb 14 02:12:15 popcorn kernel: [   12.300000] usb_phy_generic.0.auto supply vcc not found, using dummy regulator
Feb 14 02:12:15 popcorn kernel: [   12.300000] musb-hdrc: ConfigData=0xde (UTMI-8, dyn FIFOs, bulk combine, bulk split, HB-ISO Rx, HB-ISO Tx, SoftConn)
Feb 14 02:12:15 popcorn kernel: [   12.300000] musb-hdrc: MHDRC RTL version 0.0 
Feb 14 02:12:15 popcorn kernel: [   12.300000] musb-hdrc: 11/11 max ep, 5184/8192 memory
Feb 14 02:12:15 popcorn kernel: [   12.300000] musb-hdrc musb-hdrc.1.auto: MUSB HDRC host driver
Feb 14 02:12:15 popcorn kernel: [   12.300000] musb-hdrc musb-hdrc.1.auto: new USB bus registered, assigned bus number 3
Feb 14 02:12:15 popcorn kernel: [   12.305000] hub 3-0:1.0: USB hub found
Feb 14 02:12:15 popcorn kernel: [   12.305000] hub 3-0:1.0: 1 port detected
Feb 14 02:12:15 popcorn kernel: [   12.305000] using random self ethernet address
Feb 14 02:12:15 popcorn kernel: [   12.305000] using random host ethernet address
Feb 14 02:12:15 popcorn kernel: [   12.325000] usb0: HOST MAC 32:da:37:41:7f:c5
Feb 14 02:12:15 popcorn kernel: [   12.325000] usb0: MAC a6:62:c4:58:59:53
Feb 14 02:12:15 popcorn kernel: [   12.325000] g_cdc gadget: CDC Composite Gadget, version: King Kamehameha Day 2008
Feb 14 02:12:15 popcorn kernel: [   12.325000] g_cdc gadget: g_cdc ready
Feb 14 02:12:15 popcorn kernel: [   15.260000] random: nonblocking pool is initialized
Feb 14 02:12:15 popcorn kernel: [    0.000000] Booting Linux on physical CPU 0x0
Feb 14 02:12:15 popcorn kernel: [    0.000000] Initializing cgroup subsys cpuset
Feb 14 02:12:15 popcorn kernel: [    0.000000] Initializing cgroup subsys cpu
Feb 14 02:12:15 popcorn kernel: [    0.000000] Initializing cgroup subsys cpuacct
Feb 14 02:12:15 popcorn kernel: [    0.000000] Linux version 4.4.139- (akash@akash-vr) (gcc version 7.2.1 20171011 (Linaro GCC 7.2-2017.11) ) #4 SMP Wed Jun 5 12:26:00 IST 2019
Feb 14 02:12:15 popcorn kernel: [    0.000000] CPU: ARMv7 Processor [413fc082] revision 2 (ARMv7), cr=10c5387d
Feb 14 02:12:15 popcorn kernel: [    0.000000] CPU: PIPT / VIPT nonaliasing data cache, VIPT aliasing instruction cache
Feb 14 02:12:15 popcorn kernel: [    0.000000] Machine model: Source Parts Kettlepop
Feb 14 02:12:15 popcorn kernel: [    0.000000] cma: Reserved 64 MiB at 0x4c000000
Feb 14 02:12:15 popcorn kernel: [    0.000000] Memory policy: Data cache writeback
Feb 14 02:12:15 popcorn kernel: [    0.000000] On node 0 totalpages: 65536
Feb 14 02:12:15 popcorn kernel: [    0.000000] free_area_init_node: node 0, pgdat c1123200, node_mem_map cbd99000
Feb 14 02:12:15 popcorn kernel: [    0.000000]   DMA zone: 576 pages used for memmap
Feb 14 02:12:15 popcorn kernel: [    0.000000]   DMA zone: 0 pages reserved
Feb 14 02:12:15 popcorn kernel: [    0.000000]   DMA zone: 65536 pages, LIFO batch:15
Feb 14 02:12:15 popcorn kernel: [    0.000000] CPU: All CPU(s) started in SVC mode.
Feb 14 02:12:15 popcorn kernel: [    0.000000] PERCPU: Embedded 12 pages/cpu @cbd6d000 s18828 r8192 d22132 u49152
Feb 14 02:12:15 popcorn kernel: [    0.000000] pcpu-alloc: s18828 r8192 d22132 u49152 alloc=12*4096
Feb 14 02:12:15 popcorn kernel: [    0.000000] pcpu-alloc: [0] 0 
Feb 14 02:12:15 popcorn kernel: [    0.000000] Built 1 zonelists in Zone order, mobility grouping on.  Total pages: 64960
Feb 14 02:12:15 popcorn kernel: [    0.000000] Kernel command line: console=ttyS0,115200 root=/dev/mmcblk0p2 rootfstype=ext4 rootwait rw panic=10
Feb 14 02:12:15 popcorn kernel: [    0.000000] PID hash table entries: 1024 (order: 0, 4096 bytes)
Feb 14 02:12:15 popcorn kernel: [    0.000000] Dentry cache hash table entries: 32768 (order: 5, 131072 bytes)
Feb 14 02:12:15 popcorn kernel: [    0.000000] Inode-cache hash table entries: 16384 (order: 4, 65536 bytes)
Feb 14 02:12:15 popcorn kernel: [    0.000000] Memory: 177784K/262144K available (9144K kernel code, 1141K rwdata, 4208K rodata, 1080K init, 349K bss, 18824K reserved, 65536K cma-reserved, 0K highmem)
Feb 14 02:12:15 popcorn kernel: [    0.000000] Virtual kernel memory layout:
Feb 14 02:12:15 popcorn kernel: [    0.000000]     vector  : 0xffff0000 - 0xffff1000   (   4 kB)
Feb 14 02:12:15 popcorn kernel: [    0.000000]     fixmap  : 0xffc00000 - 0xfff00000   (3072 kB)
Feb 14 02:12:15 popcorn kernel: [    0.000000]     vmalloc : 0xd0800000 - 0xff800000   ( 752 MB)
Feb 14 02:12:15 popcorn kernel: [    0.000000]     lowmem  : 0xc0000000 - 0xd0000000   ( 256 MB)
Feb 14 02:12:15 popcorn kernel: [    0.000000]     pkmap   : 0xbfe00000 - 0xc0000000   (   2 MB)
Feb 14 02:12:15 popcorn kernel: [    0.000000]     modules : 0xbf000000 - 0xbfe00000   (  14 MB)
Feb 14 02:12:15 popcorn kernel: [    0.000000]       .text : 0xc0208000 - 0xc0f131a0   (13357 kB)
Feb 14 02:12:15 popcorn kernel: [    0.000000]       .init : 0xc0f14000 - 0xc1022000   (1080 kB)
Feb 14 02:12:15 popcorn kernel: [    0.000000]       .data : 0xc1022000 - 0xc113f678   (1142 kB)
Feb 14 02:12:15 popcorn kernel: [    0.000000]        .bss : 0xc1142000 - 0xc11996c0   ( 350 kB)
Feb 14 02:12:15 popcorn kernel: [    0.000000] SLUB: HWalign=64, Order=0-3, MinObjects=0, CPUs=1, Nodes=1
Feb 14 02:12:15 popcorn kernel: [    0.000000] Hierarchical RCU implementation.
Feb 14 02:12:15 popcorn kernel: [    0.000000] 	Build-time adjustment of leaf fanout to 32.
Feb 14 02:12:15 popcorn kernel: [    0.000000] 	RCU restricting CPUs from NR_CPUS=16 to nr_cpu_ids=1.
Feb 14 02:12:15 popcorn kernel: [    0.000000] RCU: Adjusting geometry for rcu_fanout_leaf=32, nr_cpu_ids=1
Feb 14 02:12:15 popcorn kernel: [    0.000000] NR_IRQS:16 nr_irqs:16 16
Feb 14 02:12:15 popcorn kernel: [    0.000000] clocksource: timer: mask: 0xffffffff max_cycles: 0xffffffff, max_idle_ns: 79635851949 ns
Feb 14 02:12:15 popcorn kernel: [    0.000000] clocksource: timer: mask: 0xffffffff max_cycles: 0xffffffff, max_idle_ns: 6370868154 ns
Feb 14 02:12:15 popcorn kernel: [    0.000000] sched_clock: 32 bits at 200 Hz, resolution 5000000ns, wraps every 10737418237500000ns
Feb 14 02:12:15 popcorn kernel: [    0.000000] Console: colour dummy device 80x30
Feb 14 02:12:15 popcorn kernel: [    0.025000] Calibrating delay loop... 1002.70 BogoMIPS (lpj=2506752)
Feb 14 02:12:15 popcorn kernel: [    0.025000] pid_max: default: 32768 minimum: 301
Feb 14 02:12:15 popcorn kernel: [    0.025000] Mount-cache hash table entries: 1024 (order: 0, 4096 bytes)
Feb 14 02:12:15 popcorn kernel: [    0.025000] Mountpoint-cache hash table entries: 1024 (order: 0, 4096 bytes)
Feb 14 02:12:15 popcorn kernel: [    0.025000] Initializing cgroup subsys io
Feb 14 02:12:15 popcorn kernel: [    0.025000] Initializing cgroup subsys memory
Feb 14 02:12:15 popcorn kernel: [    0.025000] Initializing cgroup subsys devices
Feb 14 02:12:16 popcorn kernel: [    0.025000] Initializing cgroup subsys freezer
Feb 14 02:12:16 popcorn kernel: [    0.025000] Initializing cgroup subsys net_cls
Feb 14 02:12:16 popcorn kernel: [    0.025000] Initializing cgroup subsys net_prio
Feb 14 02:12:16 popcorn kernel: [    0.025000] Initializing cgroup subsys pids
Feb 14 02:12:16 popcorn kernel: [    0.025000] CPU: Testing write buffer coherency: ok
Feb 14 02:12:16 popcorn kernel: [    0.025000] CPU0: thread -1, cpu 0, socket -1, mpidr 0
Feb 14 02:12:16 popcorn kernel: [    0.025000] Setting up static identity map for 0x40209000 - 0x40209098
Feb 14 02:12:16 popcorn kernel: [    0.030000] Brought up 1 CPUs
Feb 14 02:12:16 popcorn kernel: [    0.030000] SMP: Total of 1 processors activated (1002.70 BogoMIPS).
Feb 14 02:12:16 popcorn kernel: [    0.030000] CPU: All CPU(s) started in SVC mode.
Feb 14 02:12:16 popcorn kernel: [    0.030000] devtmpfs: initialized
Feb 14 02:12:16 popcorn kernel: [    0.045000] VFP support v0.3: implementor 41 architecture 3 part 30 variant c rev 3
Feb 14 02:12:16 popcorn kernel: [    0.045000] clocksource: jiffies: mask: 0xffffffff max_cycles: 0xffffffff, max_idle_ns: 9556302231375000 ns
Feb 14 02:12:16 popcorn kernel: [    0.045000] futex hash table entries: 256 (order: 2, 16384 bytes)
Feb 14 02:12:16 popcorn kernel: [    0.050000] pinctrl core: initialized pinctrl subsystem
Feb 14 02:12:16 popcorn kernel: [    0.050000] NET: Registered protocol family 16
Feb 14 02:12:16 popcorn kernel: [    0.055000] DMA: preallocated 256 KiB pool for atomic coherent allocations
Feb 14 02:12:16 popcorn kernel: [    0.055000] cpuidle: using governor ladder
Feb 14 02:12:16 popcorn kernel: [    0.055000] cpuidle: using governor menu
Feb 14 02:12:16 popcorn kernel: [    0.060000] No ATAGs?
Feb 14 02:12:16 popcorn kernel: [    0.060000] hw-breakpoint: debug architecture 0x4 unsupported.
Feb 14 02:12:16 popcorn kernel: [    0.065000] Serial: AMBA PL011 UART driver
Feb 14 02:12:16 popcorn kernel: [    0.080000] vgaarb: loaded
Feb 14 02:12:16 popcorn kernel: [    0.080000] SCSI subsystem initialized
Feb 14 02:12:16 popcorn kernel: [    0.080000] libata version 3.00 loaded.
Feb 14 02:12:16 popcorn kernel: [    0.080000] usbcore: registered new interface driver usbfs
Feb 14 02:12:16 popcorn kernel: [    0.080000] usbcore: registered new interface driver hub
Feb 14 02:12:16 popcorn kernel: [    0.080000] usbcore: registered new device driver usb
Feb 14 02:12:16 popcorn kernel: [    0.080000] pps_core: LinuxPPS API ver. 1 registered
Feb 14 02:12:16 popcorn kernel: [    0.080000] pps_core: Software ver. 5.3.6 - Copyright 2005-2007 Rodolfo Giometti <giometti@linux.it>
Feb 14 02:12:16 popcorn kernel: [    0.080000] PTP clock support registered
Feb 14 02:12:16 popcorn kernel: [    0.080000] EDAC MC: Ver: 3.0.0
Feb 14 02:12:16 popcorn kernel: [    0.085000] clocksource: Switched to clocksource timer
Feb 14 02:12:16 popcorn kernel: [    0.095000] NET: Registered protocol family 2
Feb 14 02:12:16 popcorn kernel: [    0.095000] TCP established hash table entries: 2048 (order: 1, 8192 bytes)
Feb 14 02:12:16 popcorn kernel: [    0.095000] TCP bind hash table entries: 2048 (order: 2, 16384 bytes)
Feb 14 02:12:16 popcorn kernel: [    0.095000] TCP: Hash tables configured (established 2048 bind 2048)
Feb 14 02:12:16 popcorn kernel: [    0.095000] UDP hash table entries: 256 (order: 1, 8192 bytes)
Feb 14 02:12:16 popcorn kernel: [    0.095000] UDP-Lite hash table entries: 256 (order: 1, 8192 bytes)
Feb 14 02:12:16 popcorn kernel: [    0.095000] NET: Registered protocol family 1
Feb 14 02:12:16 popcorn kernel: [    0.095000] RPC: Registered named UNIX socket transport module.
Feb 14 02:12:16 popcorn kernel: [    0.095000] RPC: Registered udp transport module.
Feb 14 02:12:16 popcorn kernel: [    0.095000] RPC: Registered tcp transport module.
Feb 14 02:12:16 popcorn kernel: [    0.095000] RPC: Registered tcp NFSv4.1 backchannel transport module.
Feb 14 02:12:16 popcorn kernel: [    0.095000] PCI: CLS 0 bytes, default 64
Feb 14 02:12:16 popcorn kernel: [    0.110000] squashfs: version 4.0 (2009/01/31) Phillip Lougher
Feb 14 02:12:16 popcorn kernel: [    0.110000] NFS: Registering the id_resolver key type
Feb 14 02:12:16 popcorn kernel: [    0.110000] Key type id_resolver registered
Feb 14 02:12:16 popcorn kernel: [    0.110000] Key type id_legacy registered
Feb 14 02:12:16 popcorn kernel: [    0.110000] ntfs: driver 2.1.32 [Flags: R/W].
Feb 14 02:12:16 popcorn kernel: [    0.110000] Block layer SCSI generic (bsg) driver version 0.4 loaded (major 249)
Feb 14 02:12:16 popcorn kernel: [    0.110000] io scheduler noop registered
Feb 14 02:12:16 popcorn kernel: [    0.110000] io scheduler deadline registered
Feb 14 02:12:16 popcorn kernel: [    0.110000] io scheduler cfq registered (default)
Feb 14 02:12:16 popcorn kernel: [    0.115000] gr8-pinctrl 1c20800.pinctrl: initialized sunXi PIO driver
Feb 14 02:12:16 popcorn kernel: [    0.190000] Serial: 8250/16550 driver, 4 ports, IRQ sharing disabled
Feb 14 02:12:16 popcorn kernel: [    0.190000] console [ttyS0] disabled
Feb 14 02:12:16 popcorn kernel: [    0.210000] 1c28400.serial: ttyS0 at MMIO 0x1c28400 (irq = 27, base_baud = 1500000) is a U6_16550A
Feb 14 02:12:16 popcorn kernel: [    0.790000] console [ttyS0] enabled
Feb 14 02:12:16 popcorn kernel: [    0.815000] 1c28800.serial: ttyS1 at MMIO 0x1c28800 (irq = 28, base_baud = 1500000) is a U6_16550A
Feb 14 02:12:16 popcorn kernel: [    0.845000] 1c28c00.serial: ttyS2 at MMIO 0x1c28c00 (irq = 29, base_baud = 1500000) is a U6_16550A
Feb 14 02:12:16 popcorn kernel: [    0.855000] SuperH (H)SCI(F) driver initialized
Feb 14 02:12:16 popcorn kernel: [    0.860000] msm_serial: driver initialized
Feb 14 02:12:16 popcorn kernel: [    0.865000] STMicroelectronics ASC driver initialized
Feb 14 02:12:16 popcorn kernel: [    0.870000] [drm] Initialized drm 1.1.0 20060810
Feb 14 02:12:16 popcorn kernel: [    0.885000] loop: module loaded
Feb 14 02:12:16 popcorn kernel: [    0.895000] libphy: Fixed MDIO Bus: probed
Feb 14 02:12:16 popcorn kernel: [    0.900000] CAN device driver interface
Feb 14 02:12:16 popcorn kernel: [    0.900000] igb: Intel(R) Gigabit Ethernet Network Driver - version 5.3.0-k
Feb 14 02:12:16 popcorn kernel: [    0.910000] igb: Copyright (c) 2007-2014 Intel Corporation.
Feb 14 02:12:16 popcorn kernel: [    0.915000] pegasus: v0.9.3 (2013/04/25), Pegasus/Pegasus II USB Ethernet driver
Feb 14 02:12:16 popcorn kernel: [    0.925000] usbcore: registered new interface driver pegasus
Feb 14 02:12:16 popcorn kernel: [    0.930000] usbcore: registered new interface driver asix
Feb 14 02:12:16 popcorn kernel: [    0.935000] usbcore: registered new interface driver ax88179_178a
Feb 14 02:12:16 popcorn kernel: [    0.940000] usbcore: registered new interface driver cdc_ether
Feb 14 02:12:16 popcorn kernel: [    0.950000] usbcore: registered new interface driver smsc75xx
Feb 14 02:12:16 popcorn kernel: [    0.955000] usbcore: registered new interface driver smsc95xx
Feb 14 02:12:16 popcorn kernel: [    0.960000] usbcore: registered new interface driver net1080
Feb 14 02:12:16 popcorn kernel: [    0.965000] usbcore: registered new interface driver rndis_host
Feb 14 02:12:16 popcorn kernel: [    0.970000] usbcore: registered new interface driver cdc_subset
Feb 14 02:12:16 popcorn kernel: [    0.975000] usbcore: registered new interface driver zaurus
Feb 14 02:12:16 popcorn kernel: [    0.985000] usbcore: registered new interface driver cdc_ncm
Feb 14 02:12:16 popcorn kernel: [    0.990000] ehci_hcd: USB 2.0 'Enhanced' Host Controller (EHCI) Driver
Feb 14 02:12:16 popcorn kernel: [    0.995000] ehci-pci: EHCI PCI platform driver
Feb 14 02:12:16 popcorn kernel: [    1.000000] ehci-platform: EHCI generic platform driver
Feb 14 02:12:16 popcorn kernel: [    1.005000] ehci-omap: OMAP-EHCI Host Controller driver
Feb 14 02:12:16 popcorn kernel: [    1.010000] ehci-orion: EHCI orion driver
Feb 14 02:12:16 popcorn kernel: [    1.015000] ehci-st: EHCI STMicroelectronics driver
Feb 14 02:12:16 popcorn kernel: [    1.020000] ehci-exynos: EHCI EXYNOS driver
Feb 14 02:12:16 popcorn kernel: [    1.025000] ehci-atmel: EHCI Atmel driver
Feb 14 02:12:16 popcorn kernel: [    1.030000] tegra-ehci: Tegra EHCI driver
Feb 14 02:12:16 popcorn kernel: [    1.035000] ohci_hcd: USB 1.1 'Open' Host Controller (OHCI) Driver
Feb 14 02:12:16 popcorn kernel: [    1.040000] ohci-pci: OHCI PCI platform driver
Feb 14 02:12:16 popcorn kernel: [    1.045000] ohci-platform: OHCI generic platform driver
Feb 14 02:12:16 popcorn kernel: [    1.050000] ohci-omap3: OHCI OMAP3 driver
Feb 14 02:12:16 popcorn kernel: [    1.055000] ohci-st: OHCI STMicroelectronics driver
Feb 14 02:12:16 popcorn kernel: [    1.060000] ohci-atmel: OHCI Atmel driver
Feb 14 02:12:16 popcorn kernel: [    1.065000] usbcore: registered new interface driver usb-storage
Feb 14 02:12:16 popcorn kernel: [    1.070000] udc-core: couldn't find an available UDC - added [g_cdc] to list of pending drivers
Feb 14 02:12:16 popcorn kernel: [    1.080000] mousedev: PS/2 mouse device common for all mice
Feb 14 02:12:16 popcorn kernel: [    1.090000] i2c /dev entries driver
Feb 14 02:12:16 popcorn kernel: [    1.095000] axp20x 0-0034: AXP20x variant AXP209 found
Feb 14 02:12:16 popcorn kernel: [    1.105000] axp20x-gpio axp20x-gpio: AXP209 GPIO driver loaded
Feb 14 02:12:16 popcorn kernel: [    1.120000] input: axp20x-pek as /devices/platform/soc@01c00000/1c2ac00.i2c/i2c-0/0-0034/axp20x-pek/input/input0
Feb 14 02:12:16 popcorn kernel: [    1.135000] axp20x 0-0034: AXP20X driver loaded
Feb 14 02:12:16 popcorn kernel: [    1.145000] Driver for 1-wire Dallas network protocol.
Feb 14 02:12:16 popcorn kernel: [    1.150000] sunxi-wdt 1c20c90.watchdog: Watchdog enabled (timeout=16 sec, nowayout=0)
Feb 14 02:12:16 popcorn kernel: [    1.160000] sdhci: Secure Digital Host Controller Interface driver
Feb 14 02:12:16 popcorn kernel: [    1.165000] sdhci: Copyright(c) Pierre Ossman
Feb 14 02:12:16 popcorn kernel: [    1.175000] Synopsys Designware Multimedia Card Interface Driver
Feb 14 02:12:16 popcorn kernel: [    1.180000] sunxi-mmc 1c0f000.mmc: No vqmmc regulator found
Feb 14 02:12:16 popcorn kernel: [    1.185000] sunxi-mmc 1c0f000.mmc: allocated mmc-pwrseq
Feb 14 02:12:16 popcorn kernel: [    1.220000] sunxi-mmc 1c0f000.mmc: base:0xd0880000 irq:19
Feb 14 02:12:16 popcorn kernel: [    1.225000] sunxi-mmc 1c11000.mmc: No vqmmc regulator found
Feb 14 02:12:16 popcorn kernel: [    1.235000] sunxi-mmc 1c0f000.mmc: smc 0 err, cmd 8, RTO !!
Feb 14 02:12:16 popcorn kernel: [    1.250000] mmc0: new high speed SDIO card at address 0001
Feb 14 02:12:16 popcorn kernel: [    1.260000] sunxi-mmc 1c11000.mmc: base:0xd0882000 irq:20
Feb 14 02:12:16 popcorn kernel: [    1.265000] sdhci-pltfm: SDHCI platform and OF driver helper
Feb 14 02:12:16 popcorn kernel: [    1.270000] ledtrig-cpu: registered to indicate activity on CPUs
Feb 14 02:12:16 popcorn kernel: [    1.280000] hidraw: raw HID events driver (C) Jiri Kosina
Feb 14 02:12:16 popcorn kernel: [    1.285000] usbcore: registered new interface driver usbhid
Feb 14 02:12:16 popcorn kernel: [    1.290000] usbhid: USB HID core driver
Feb 14 02:12:16 popcorn kernel: [    1.295000] ip_tables: (C) 2000-2006 Netfilter Core Team
Feb 14 02:12:16 popcorn kernel: [    1.300000] NET: Registered protocol family 10
Feb 14 02:12:16 popcorn kernel: [    1.305000] sit: IPv6 over IPv4 tunneling driver
Feb 14 02:12:16 popcorn kernel: [    1.315000] NET: Registered protocol family 17
Feb 14 02:12:16 popcorn kernel: [    1.315000] can: controller area network core (rev 20120528 abi 9)
Feb 14 02:12:16 popcorn kernel: [    1.325000] NET: Registered protocol family 29
Feb 14 02:12:16 popcorn kernel: [    1.330000] can: raw protocol (rev 20120528)
Feb 14 02:12:16 popcorn kernel: [    1.335000] can: broadcast manager protocol (rev 20120528 t)
Feb 14 02:12:16 popcorn kernel: [    1.340000] can: netlink gateway (rev 20130117) max_hops=1
Feb 14 02:12:16 popcorn kernel: [    1.345000] Key type dns_resolver registered
Feb 14 02:12:16 popcorn kernel: [    1.350000] cpu: dev_pm_opp_of_cpumask_add_table: couldn't find opp table for cpu:0, -19
Feb 14 02:12:16 popcorn kernel: [    1.360000] cpu cpu0: dev_pm_opp_get_opp_count: device OPP not found (-19)
Feb 14 02:12:16 popcorn kernel: [    1.365000] ThumbEE CPU extension supported.
Feb 14 02:12:16 popcorn kernel: [    1.370000] Registering SWP/SWPB emulation handler
Feb 14 02:12:16 popcorn kernel: [    1.380000] sunxi-mmc 1c11000.mmc: smc 1 err, cmd 8, RTO !!
Feb 14 02:12:16 popcorn kernel: [    1.390000] hctosys: unable to open rtc device (rtc0)
Feb 14 02:12:16 popcorn kernel: [    1.395000] of_cfs_init
Feb 14 02:12:16 popcorn kernel: [    1.400000] of_cfs_init: OK
Feb 14 02:12:16 popcorn kernel: [    1.410000] vcc3v0: disabling
Feb 14 02:12:16 popcorn kernel: [    1.410000] vcc5v0: disabling
Feb 14 02:12:16 popcorn kernel: [    1.415000] Waiting for root device /dev/mmcblk0p2...
Feb 14 02:12:16 popcorn kernel: [    1.420000] sunxi-mmc 1c11000.mmc: smc 1 err, cmd 55, RTO !!
Feb 14 02:12:16 popcorn kernel: [    1.430000] sunxi-mmc 1c11000.mmc: smc 1 err, cmd 55, RTO !!
Feb 14 02:12:16 popcorn kernel: [    1.435000] sunxi-mmc 1c11000.mmc: smc 1 err, cmd 55, RTO !!
Feb 14 02:12:16 popcorn kernel: [    1.440000] sunxi-mmc 1c11000.mmc: smc 1 err, cmd 55, RTO !!
Feb 14 02:12:16 popcorn kernel: [    1.495000] mmc1: MAN_BKOPS_EN bit is not set
Feb 14 02:12:16 popcorn kernel: [    1.500000] mmc1: new high speed MMC card at address 0001
Feb 14 02:12:16 popcorn kernel: [    1.510000] mmcblk0: mmc1:0001 NCard  7.22 GiB 
Feb 14 02:12:16 popcorn kernel: [    1.515000] mmcblk0boot0: mmc1:0001 NCard  partition 1 4.00 MiB
Feb 14 02:12:16 popcorn kernel: [    1.520000] mmcblk0boot1: mmc1:0001 NCard  partition 2 4.00 MiB
Feb 14 02:12:16 popcorn kernel: [    1.525000]  mmcblk0: p1 p2
Feb 14 02:12:16 popcorn kernel: [    2.240000] EXT4-fs (mmcblk0p2): recovery complete
Feb 14 02:12:16 popcorn kernel: [    2.250000] EXT4-fs (mmcblk0p2): mounted filesystem with ordered data mode. Opts: (null)
Feb 14 02:12:16 popcorn kernel: [    2.255000] VFS: Mounted root (ext4 filesystem) on device 179:2.
Feb 14 02:12:16 popcorn kernel: [    2.265000] devtmpfs: mounted
Feb 14 02:12:16 popcorn kernel: [    2.270000] Freeing unused kernel memory: 1080K
Feb 14 02:12:16 popcorn kernel: [    3.785000] random: systemd: uninitialized urandom read (16 bytes read, 36 bits of entropy available)
Feb 14 02:12:16 popcorn kernel: [    3.830000] random: systemd: uninitialized urandom read (16 bytes read, 36 bits of entropy available)
Feb 14 02:12:16 popcorn kernel: [    3.860000] random: systemd: uninitialized urandom read (16 bytes read, 36 bits of entropy available)
Feb 14 02:12:16 popcorn kernel: [    3.885000] random: systemd: uninitialized urandom read (16 bytes read, 36 bits of entropy available)
Feb 14 02:12:16 popcorn kernel: [    3.920000] random: systemd: uninitialized urandom read (16 bytes read, 36 bits of entropy available)
Feb 14 02:12:16 popcorn kernel: [    3.945000] random: systemd: uninitialized urandom read (16 bytes read, 37 bits of entropy available)
Feb 14 02:12:16 popcorn kernel: [    3.975000] random: systemd: uninitialized urandom read (16 bytes read, 37 bits of entropy available)
Feb 14 02:12:16 popcorn kernel: [    4.010000] random: systemd: uninitialized urandom read (16 bytes read, 37 bits of entropy available)
Feb 14 02:12:16 popcorn kernel: [    4.035000] random: systemd: uninitialized urandom read (16 bytes read, 37 bits of entropy available)
Feb 14 02:12:16 popcorn kernel: [    4.060000] random: systemd: uninitialized urandom read (16 bytes read, 37 bits of entropy available)
Feb 14 02:12:16 popcorn kernel: [   12.960000] sun4i-codec 1c22c00.codec: Codec <-> 1c22c00.codec mapping ok
Feb 14 02:12:16 popcorn kernel: [   12.990000] ehci-platform 1c14000.usb: EHCI Host Controller
Feb 14 02:12:16 popcorn kernel: [   12.990000] ehci-platform 1c14000.usb: new USB bus registered, assigned bus number 1
Feb 14 02:12:16 popcorn kernel: [   13.005000] ehci-platform 1c14000.usb: irq 22, io mem 0x01c14000
Feb 14 02:12:16 popcorn kernel: [   13.015000] ehci-platform 1c14000.usb: USB 2.0 started, EHCI 1.00
Feb 14 02:12:16 popcorn kernel: [   13.015000] hub 1-0:1.0: USB hub found
Feb 14 02:12:16 popcorn kernel: [   13.015000] hub 1-0:1.0: 1 port detected
Feb 14 02:12:16 popcorn kernel: [   13.015000] ohci-platform 1c14400.usb: Generic Platform OHCI controller
Feb 14 02:12:16 popcorn kernel: [   13.015000] ohci-platform 1c14400.usb: new USB bus registered, assigned bus number 2
Feb 14 02:12:16 popcorn kernel: [   13.025000] ohci-platform 1c14400.usb: irq 23, io mem 0x01c14400
Feb 14 02:12:16 popcorn kernel: [   13.095000] hub 2-0:1.0: USB hub found
Feb 14 02:12:16 popcorn kernel: [   13.095000] hub 2-0:1.0: 1 port detected
Feb 14 02:12:16 popcorn kernel: [   13.095000] usb_phy_generic.0.auto supply vcc not found, using dummy regulator
Feb 14 02:12:16 popcorn kernel: [   13.100000] musb-hdrc: ConfigData=0xde (UTMI-8, dyn FIFOs, bulk combine, bulk split, HB-ISO Rx, HB-ISO Tx, SoftConn)
Feb 14 02:12:16 popcorn kernel: [   13.100000] musb-hdrc: MHDRC RTL version 0.0 
Feb 14 02:12:16 popcorn kernel: [   13.100000] musb-hdrc: 11/11 max ep, 5184/8192 memory
Feb 14 02:12:16 popcorn kernel: [   13.100000] musb-hdrc musb-hdrc.1.auto: MUSB HDRC host driver
Feb 14 02:12:16 popcorn kernel: [   13.100000] musb-hdrc musb-hdrc.1.auto: new USB bus registered, assigned bus number 3
Feb 14 02:12:16 popcorn kernel: [   13.150000] hub 3-0:1.0: USB hub found
Feb 14 02:12:16 popcorn kernel: [   13.150000] hub 3-0:1.0: 1 port detected
Feb 14 02:12:16 popcorn kernel: [   13.150000] using random self ethernet address
Feb 14 02:12:16 popcorn kernel: [   13.150000] using random host ethernet address
Feb 14 02:12:16 popcorn kernel: [   13.150000] usb0: HOST MAC 7a:8f:78:ae:78:7a
Feb 14 02:12:16 popcorn kernel: [   13.150000] usb0: MAC 26:25:05:33:d0:e4
Feb 14 02:12:16 popcorn kernel: [   13.150000] g_cdc gadget: CDC Composite Gadget, version: King Kamehameha Day 2008
Feb 14 02:12:16 popcorn kernel: [   13.150000] g_cdc gadget: g_cdc ready
Feb 14 02:12:18 popcorn kernel: [   23.025000] random: nonblocking pool is initialized
Feb 15 01:00:20 popcorn kernel: [82105.060000] usb 1-1: new high-speed USB device number 2 using ehci-platform
Feb 15 01:00:20 popcorn kernel: [82105.195000] usb-storage 1-1:1.1: USB Mass Storage device detected
Feb 15 01:00:20 popcorn kernel: [82105.200000] scsi host0: usb-storage 1-1:1.1
Feb 15 01:00:20 popcorn kernel: [82105.250000] usbcore: registered new interface driver uas
Feb 15 01:00:21 popcorn kernel: [82106.200000] scsi 0:0:0:0: CD-ROM            Linux    File-CD Gadget   0409 PQ: 0 ANSI: 2
Feb 15 01:00:21 popcorn kernel: [82106.210000] sr 0:0:0:0: [sr0] scsi-1 drive
Feb 15 01:00:21 popcorn kernel: [82106.210000] cdrom: Uniform CD-ROM driver Revision: 3.20
Feb 15 01:00:21 popcorn kernel: [82106.210000] sr 0:0:0:0: Attached scsi CD-ROM sr0
Feb 15 01:00:23 popcorn kernel: [82108.445000] usb 1-1: USB disconnect, device number 2
Feb 15 01:00:24 popcorn kernel: [82108.995000] usb 1-1: new high-speed USB device number 3 using ehci-platform
Feb 15 01:00:24 popcorn kernel: [82109.130000] usb-storage 1-1:1.1: USB Mass Storage device detected
Feb 15 01:00:24 popcorn kernel: [82109.130000] scsi host1: usb-storage 1-1:1.1
Feb 15 01:00:25 popcorn kernel: [82110.130000] scsi 1:0:0:0: CD-ROM            Linux    File-CD Gadget   0409 PQ: 0 ANSI: 2
Feb 15 01:00:25 popcorn kernel: [82110.140000] sr 1:0:0:0: [sr0] scsi-1 drive
Feb 15 01:00:25 popcorn kernel: [82110.140000] sr 1:0:0:0: Attached scsi CD-ROM sr0
Feb 15 01:21:12 popcorn kernel: [83356.710000] usb 1-1: USB disconnect, device number 3
Feb 15 01:29:33 popcorn kernel: [83857.705000] usb 1-1: new high-speed USB device number 4 using ehci-platform
Feb 15 01:29:33 popcorn kernel: [83857.840000] usb-storage 1-1:1.1: USB Mass Storage device detected
Feb 15 01:29:33 popcorn kernel: [83857.845000] scsi host2: usb-storage 1-1:1.1
Feb 15 01:29:34 popcorn kernel: [83858.845000] scsi 2:0:0:0: CD-ROM            Linux    File-CD Gadget   0409 PQ: 0 ANSI: 2
Feb 15 01:29:34 popcorn kernel: [83858.855000] sr 2:0:0:0: [sr0] scsi-1 drive
Feb 15 01:29:34 popcorn kernel: [83858.855000] sr 2:0:0:0: Attached scsi CD-ROM sr0
Feb 15 02:22:55 popcorn kernel: [87059.780000] usb 1-1: USB disconnect, device number 4
Feb 15 03:13:30 popcorn kernel: [90095.115000] usb 2-1: new full-speed USB device number 2 using ohci-platform
Feb 15 03:13:30 popcorn kernel: [90095.290000] usb 2-1: device descriptor read/64, error -62
Feb 15 03:13:30 popcorn kernel: [90095.570000] usb 2-1: device descriptor read/64, error -62
Feb 15 03:13:31 popcorn kernel: [90095.845000] usb 2-1: new full-speed USB device number 3 using ohci-platform
Feb 15 03:13:31 popcorn kernel: [90096.020000] usb 2-1: device descriptor read/64, error -62
Feb 15 03:13:31 popcorn kernel: [90096.300000] usb 2-1: device descriptor read/64, error -62
Feb 15 03:13:31 popcorn kernel: [90096.405000] usb usb2-port1: attempt power cycle
Feb 15 03:13:32 popcorn kernel: [90096.885000] usb 2-1: new full-speed USB device number 4 using ohci-platform
Feb 15 03:13:32 popcorn kernel: [90097.295000] usb 2-1: device not accepting address 4, error -62
Feb 15 03:13:32 popcorn kernel: [90097.465000] usb 2-1: new full-speed USB device number 5 using ohci-platform
Feb 15 03:13:33 popcorn kernel: [90097.875000] usb 2-1: device not accepting address 5, error -62
Feb 15 03:13:33 popcorn kernel: [90097.875000] usb usb2-port1: unable to enumerate USB device
Feb 15 03:25:41 popcorn kernel: [90826.035000] usb 2-1: new full-speed USB device number 6 using ohci-platform
Feb 15 03:25:41 popcorn kernel: [90826.210000] usb 2-1: device descriptor read/64, error -62
Feb 15 03:25:41 popcorn kernel: [90826.490000] usb 2-1: device descriptor read/64, error -62
Feb 15 03:25:42 popcorn kernel: [90826.765000] usb 2-1: new full-speed USB device number 7 using ohci-platform
Feb 15 03:25:42 popcorn kernel: [90826.940000] usb 2-1: device descriptor read/64, error -62
Feb 15 03:25:42 popcorn kernel: [90827.220000] usb 2-1: device descriptor read/64, error -62
Feb 15 03:25:42 popcorn kernel: [90827.325000] usb usb2-port1: attempt power cycle
Feb 15 03:25:43 popcorn kernel: [90827.805000] usb 2-1: new full-speed USB device number 8 using ohci-platform
Feb 15 03:25:43 popcorn kernel: [90828.215000] usb 2-1: device not accepting address 8, error -62
Feb 15 03:25:43 popcorn kernel: [90828.385000] usb 2-1: new full-speed USB device number 9 using ohci-platform
Feb 15 03:25:44 popcorn kernel: [90828.795000] usb 2-1: device not accepting address 9, error -62
Feb 15 03:25:44 popcorn kernel: [90828.795000] usb usb2-port1: unable to enumerate USB device
Feb 14 02:12:14 popcorn kernel: [    0.000000] Booting Linux on physical CPU 0x0
Feb 14 02:12:14 popcorn kernel: [    0.000000] Initializing cgroup subsys cpuset
Feb 14 02:12:14 popcorn kernel: [    0.000000] Initializing cgroup subsys cpu
Feb 14 02:12:14 popcorn kernel: [    0.000000] Initializing cgroup subsys cpuacct
Feb 14 02:12:14 popcorn kernel: [    0.000000] Linux version 4.4.139- (akash@akash-vr) (gcc version 7.2.1 20171011 (Linaro GCC 7.2-2017.11) ) #4 SMP Wed Jun 5 12:26:00 IST 2019
Feb 14 02:12:14 popcorn kernel: [    0.000000] CPU: ARMv7 Processor [413fc082] revision 2 (ARMv7), cr=10c5387d
Feb 14 02:12:14 popcorn kernel: [    0.000000] CPU: PIPT / VIPT nonaliasing data cache, VIPT aliasing instruction cache
Feb 14 02:12:14 popcorn kernel: [    0.000000] Machine model: Source Parts Kettlepop
Feb 14 02:12:14 popcorn kernel: [    0.000000] cma: Reserved 64 MiB at 0x4c000000
Feb 14 02:12:14 popcorn kernel: [    0.000000] Memory policy: Data cache writeback
Feb 14 02:12:14 popcorn kernel: [    0.000000] On node 0 totalpages: 65536
Feb 14 02:12:14 popcorn kernel: [    0.000000] free_area_init_node: node 0, pgdat c1123200, node_mem_map cbd99000
Feb 14 02:12:14 popcorn kernel: [    0.000000]   DMA zone: 576 pages used for memmap
Feb 14 02:12:14 popcorn kernel: [    0.000000]   DMA zone: 0 pages reserved
Feb 14 02:12:14 popcorn kernel: [    0.000000]   DMA zone: 65536 pages, LIFO batch:15
Feb 14 02:12:14 popcorn kernel: [    0.000000] CPU: All CPU(s) started in SVC mode.
Feb 14 02:12:14 popcorn kernel: [    0.000000] PERCPU: Embedded 12 pages/cpu @cbd6d000 s18828 r8192 d22132 u49152
Feb 14 02:12:14 popcorn kernel: [    0.000000] pcpu-alloc: s18828 r8192 d22132 u49152 alloc=12*4096
Feb 14 02:12:14 popcorn kernel: [    0.000000] pcpu-alloc: [0] 0 
Feb 14 02:12:14 popcorn kernel: [    0.000000] Built 1 zonelists in Zone order, mobility grouping on.  Total pages: 64960
Feb 14 02:12:14 popcorn kernel: [    0.000000] Kernel command line: console=ttyS0,115200 root=/dev/mmcblk0p2 rootfstype=ext4 rootwait rw panic=10
Feb 14 02:12:14 popcorn kernel: [    0.000000] PID hash table entries: 1024 (order: 0, 4096 bytes)
Feb 14 02:12:14 popcorn kernel: [    0.000000] Dentry cache hash table entries: 32768 (order: 5, 131072 bytes)
Feb 14 02:12:14 popcorn kernel: [    0.000000] Inode-cache hash table entries: 16384 (order: 4, 65536 bytes)
Feb 14 02:12:14 popcorn kernel: [    0.000000] MemoryFeb 14 02:12:15 popcorn kernel: [    0.000000] Booting Linux on physical CPU 0x0
Feb 14 02:12:15 popcorn kernel: [    0.000000] Initializing cgroup subsys cpuset
Feb 14 02:12:15 popcorn kernel: [    0.000000] Initializing cgroup subsys cpu
Feb 14 02:12:15 popcorn kernel: [    0.000000] Initializing cgroup subsys cpuacct
Feb 14 02:12:15 popcorn kernel: [    0.000000] Linux version 4.4.139- (akash@akash-vr) (gcc version 7.2.1 20171011 (Linaro GCC 7.2-2017.11) ) #4 SMP Wed Jun 5 12:26:00 IST 2019
Feb 14 02:12:15 popcorn kernel: [    0.000000] CPU: ARMv7 Processor [413fc082] revision 2 (ARMv7), cr=10c5387d
Feb 14 02:12:15 popcorn kernel: [    0.000000] CPU: PIPT / VIPT nonaliasing data cache, VIPT aliasing instruction cache
Feb 14 02:12:15 popcorn kernel: [    0.000000] Machine model: Source Parts Kettlepop
Feb 14 02:12:15 popcorn kernel: [    0.000000] cma: Reserved 64 MiB at 0x4c000000
Feb 14 02:12:15 popcorn kernel: [    0.000000] Memory policy: Data cache writeback
Feb 14 02:12:15 popcorn kernel: [    0.000000] On node 0 totalpages: 65536
Feb 14 02:12:15 popcorn kernel: [    0.000000] free_area_init_node: node 0, pgdat c1123200, node_mem_map cbd99000
Feb 14 02:12:15 popcorn kernel: [    0.000000]   DMA zone: 576 pages used for memmap
Feb 14 02:12:15 popcorn kernel: [    0.000000]   DMA zone: 0 pages reserved
Feb 14 02:12:15 popcorn kernel: [    0.000000]   DMA zone: 65536 pages, LIFO batch:15
Feb 14 02:12:15 popcorn kernel: [    0.000000] CPU: All CPU(s) started in SVC mode.
Feb 14 02:12:15 popcorn kernel: [    0.000000] PERCPU: Embedded 12 pages/cpu @cbd6d000 s18828 r8192 d22132 u49152
Feb 14 02:12:15 popcorn kernel: [    0.000000] pcpu-alloc: s18828 r8192 d22132 u49152 alloc=12*4096
Feb 14 02:12:15 popcorn kernel: [    0.000000] pcpu-alloc: [0] 0 
Feb 14 02:12:15 popcorn kernel: [    0.000000] Built 1 zonelists in Zone order, mobility grouping on.  Total pages: 64960
Feb 14 02:12:15 popcorn kernel: [    0.000000] Kernel command line: console=ttyS0,115200 root=/dev/mmcblk0p2 rootfstype=ext4 rootwait rw panic=10
Feb 14 02:12:15 popcorn kernel: [    0.000000] PID hash table entries: 1024 (order: 0, 4096 bytes)
Feb 14 02:12:15 popcorn kernel: [    0.000000] Dentry cache hash table entries: 32768 (order: 5, 131072 bytes)
Feb 14 02:12:15 popcorn kernel: [    0.000000] Inode-cache hash table entries: 16384 (order: 4, 65536 bytes)
Feb 14 02:12:15 popcorn kernel: [    0.000000] Memory: 177784K/262144K available (9144K kernel code, 1141K rwdata, 4208K rodata, 1080K init, 349K bss, 18824K reserved, 65536K cma-reserved, 0K highmem)
Feb 14 02:12:15 popcorn kernel: [    0.000000] Virtual kernel memory layout:
Feb 14 02:12:15 popcorn kernel: [    0.000000]     vector  : 0xffff0000 - 0xffff1000   (   4 kB)
Feb 14 02:12:15 popcorn kernel: [    0.000000]     fixmap  : 0xffc00000 - 0xfff00000   (3072 kB)
Feb 14 02:12:15 popcorn kernel: [    0.000000]     vmalloc : 0xd0800000 - 0xff800000   ( 752 MB)
Feb 14 02:12:15 popcorn kernel: [    0.000000]     lowmem  : 0xc0000000 - 0xd0000000   ( 256 MB)
Feb 14 02:12:15 popcorn kernel: [    0.000000]     pkmap   : 0xbfe00000 - 0xc0000000   (   2 MB)
Feb 14 02:12:15 popcorn kernel: [    0.000000]     modules : 0xbf000000 - 0xbfe00000   (  14 MB)
Feb 14 02:12:15 popcorn kernel: [    0.000000]       .text : 0xc0208000 - 0xc0f131a0   (13357 kB)
Feb 14 02:12:15 popcorn kernel: [    0.000000]       .init : 0xc0f14000 - 0xc1022000   (1080 kB)
Feb 14 02:12:15 popcorn kernel: [    0.000000]       .data : 0xc1022000 - 0xc113f678   (1142 kB)
Feb 14 02:12:15 popcorn kernel: [    0.000000]        .bss : 0xc1142000 - 0xc11996c0   ( 350 kB)
Feb 14 02:12:15 popcorn kernel: [    0.000000] SLUB: HWalign=64, Order=0-3, MinObjects=0, CPUs=1, Nodes=1
Feb 14 02:12:15 popcorn kernel: [    0.000000] Hierarchical RCU implementation.
Feb 14 02:12:15 popcorn kernel: [    0.000000] 	Build-time adjustment of leaf fanout to 32.
Feb 14 02:12:15 popcorn kernel: [    0.000000] 	RCU restricting CPUs from NR_CPUS=16 to nr_cpu_ids=1.
Feb 14 02:12:15 popcorn kernel: [    0.000000] RCU: Adjusting geometry for rcu_fanout_leaf=32, nr_cpu_ids=1
Feb 14 02:12:15 popcorn kernel: [    0.000000] NR_IRQS:16 nr_irqs:16 16
Feb 14 02:12:15 popcorn kernel: [    0.000000] clocksource: timer: mask: 0xffffffff max_cycles: 0xffffffff, max_idle_ns: 79635851949 ns
Feb 14 02:12:15 popcorn kernel: [    0.000000] clocksource: timer: mask: 0xffffffff max_cycles: 0xffffffff, max_idle_ns: 6370868154 ns
Feb 14 02:12:15 popcorn kernel: [    0.000000] sched_clock: 32 bits at 200 Hz, resolution 5000000ns, wraps every 10737418237500000ns
Feb 14 02:12:15 popcorn kernel: [    0.000000] Console: colour dummy device 80x30
Feb 14 02:12:15 popcorn kernel: [    0.025000] Calibrating delay loop... 1002.70 BogoMIPS (lpj=2506752)
Feb 14 02:12:15 popcorn kernel: [    0.025000] pid_max: default: 32768 minimum: 301
Feb 14 02:12:15 popcorn kernel: [    0.025000] Mount-cache hash table entries: 1024 (order: 0, 4096 bytes)
Feb 14 02:12:15 popcorn kernel: [    0.025000] Mountpoint-cache hash table entries: 1024 (order: 0, 4096 bytes)
Feb 14 02:12:15 popcorn kernel: [    0.025000] Initializing cgroup subsys io
Feb 14 02:12:15 popcorn kernel: [    0.025000] Initializing cgroup subsys memory
Feb 14 02:12:15 popcorn kernel: [    0.025000] Initializing cgroup subsys devices
Feb 14 02:12:15 popcorn kernel: [    0.025000] Initializing cgroup subsys freezer
Feb 14 02:12:15 popcorn kernel: [    0.025000] Initializing cgroup subsys net_cls
Feb 14 02:12:15 popcorn kernel: [    0.025000] Initializing cgroup subsys net_prio
Feb 14 02:12:15 popcorn kernel: [    0.025000] Initializing cgroup subsys pids
Feb 14 02:12:15 popcorn kernel: [    0.025000] CPU: Testing write buffer coherency: ok
Feb 14 02:12:15 popcorn kernel: [    0.025000] CPU0: thread -1, cpu 0, socket -1, mpidr 0
Feb 14 02:12:15 popcorn kernel: [    0.025000] Setting up static identity map for 0x40209000 - 0x40209098
Feb 14 02:12:15 popcorn kernel: [    0.030000] Brought up 1 CPUs
Feb 14 02:12:15 popcorn kernel: [    0.030000] SMP: Total of 1 processors activated (1002.70 BogoMIPS).
Feb 14 02:12:15 popcorn kernel: [    0.030000] CPU: All CPU(s) started in SVC mode.
Feb 14 02:12:15 popcorn kernel: [    0.030000] devtmpfs: initialized
Feb 14 02:12:15 popcorn kernel: [    0.045000] VFP support v0.3: implementor 41 architecture 3 part 30 variant c rev 3
Feb 14 02:12:15 popcorn kernel: [    0.045000] clocksource: jiffies: mask: 0xffffffff max_cycles: 0xffffffff, max_idle_ns: 9556302231375000 ns
Feb 14 02:12:15 popcorn kernel: [    0.045000] futex hash table entries: 256 (order: 2, 16384 bytes)
Feb 14 02:12:15 popcorn kernel: [    0.050000] pinctrl core: initialized pinctrl subsystem
Feb 14 02:12:15 popcorn kernel: [    0.050000] NET: Registered protocol family 16
Feb 14 02:12:15 popcorn kernel: [    0.055000] DMA: preallocated 256 KiB pool for atomic coherent allocations
Feb 14 02:12:15 popcorn kernel: [    0.055000] cpuidle: using governor ladder
Feb 14 02:12:15 popcorn kernel: [    0.055000] cpuidle: using governor menu
Feb 14 02:12:15 popcorn kernel: [    0.060000] No ATAGs?
Feb 14 02:12:15 popcorn kernel: [    0.060000] hw-breakpoint: debug architecture 0x4 unsupported.
Feb 14 02:12:15 popcorn kernel: [    0.065000] Serial: AMBA PL011 UART driver
Feb 14 02:12:15 popcorn kernel: [    0.080000] vgaarb: loaded
Feb 14 02:12:15 popcorn kernel: [    0.080000] SCSI subsystem initialized
Feb 14 02:12:15 popcorn kernel: [    0.080000] libata version 3.00 loaded.
Feb 14 02:12:15 popcorn kernel: [    0.080000] usbcore: registered new interface driver usbfs
Feb 14 02:12:15 popcorn kernel: [    0.080000] usbcore: registered new interface driver hub
Feb 14 02:12:15 popcorn kernel: [    0.080000] usbcore: registered new device driver usb
Feb 14 02:12:15 popcorn kernel: [    0.080000] pps_core: LinuxPPS API ver. 1 registered
Feb 14 02:12:15 popcorn kernel: [    0.080000] pps_core: Software ver. 5.3.6 - Copyright 2005-2007 Rodolfo Giometti <giometti@linux.it>
Feb 14 02:12:15 popcorn kernel: [    0.080000] PTP clock support registered
Feb 14 02:12:15 popcorn kernel: [    0.080000] EDAC MC: Ver: 3.0.0
Feb 14 02:12:15 popcorn kernel: [    0.085000] clocksource: Switched to clocksource timer
Feb 14 02:12:15 popcorn kernel: [    0.095000] NET: Registered protocol family 2
Feb 14 02:12:15 popcorn kernel: [    0.095000] TCP established hash table entries: 2048 (order: 1, 8192 bytes)
Feb 14 02:12:15 popcorn kernel: [    0.095000] TCP bind hash table entries: 2048 (order: 2, 16384 bytes)
Feb 14 02:12:15 popcorn kernel: [    0.095000] TCP: Hash tables configured (established 2048 bind 2048)
Feb 14 02:12:15 popcorn kernel: [    0.095000] UDP hash table entries: 256 (order: 1, 8192 bytes)
Feb 14 02:12:15 popcorn kernel: [    0.095000] UDP-Lite hash table entries: 256 (order: 1, 8192 bytes)
Feb 14 02:12:15 popcorn kernel: [    0.095000] NET: Registered protocol family 1
Feb 14 02:12:15 popcorn kernel: [    0.095000] RPC: Registered named UNIX socket transport module.
Feb 14 02:12:15 popcorn kernel: [    0.095000] RPC: Registered udp transport module.
Feb 14 02:12:15 popcorn kernel: [    0.095000] RPC: Registered tcp transport module.
Feb 14 02:12:15 popcorn kernel: [    0.095000] RPC: Registered tcp NFSv4.1 backchannel transport module.
Feb 14 02:12:15 popcorn kernel: [    0.095000] PCI: CLS 0 bytes, default 64
Feb 14 02:12:15 popcorn kernel: [    0.110000] squashfs: version 4.0 (2009/01/31) Phillip Lougher
Feb 14 02:12:15 popcorn kernel: [    0.110000] NFS: Registering the id_resolver key type
Feb 14 02:12:15 popcorn kernel: [    0.110000] Key type id_resolver registered
Feb 14 02:12:15 popcorn kernel: [    0.110000] Key type id_legacy registered
Feb 14 02:12:15 popcorn kernel: [    0.110000] ntfs: driver 2.1.32 [Flags: R/W].
Feb 14 02:12:15 popcorn kernel: [    0.110000] Block layer SCSI generic (bsg) driver version 0.4 loaded (major 249)
Feb 14 02:12:15 popcorn kernel: [    0.110000] io scheduler noop registered
Feb 14 02:12:15 popcorn kernel: [    0.110000] io scheduler deadline registered
Feb 14 02:12:15 popcorn kernel: [    0.110000] io scheduler cfq registered (default)
Feb 14 02:12:15 popcorn kernel: [    0.115000] gr8-pinctrl 1c20800.pinctrl: initialized sunXi PIO driver
Feb 14 02:12:15 popcorn kernel: [    0.190000] Serial: 8250/16550 driver, 4 ports, IRQ sharing disabled
Feb 14 02:12:15 popcorn kernel: [    0.190000] console [ttyS0] disabled
Feb 14 02:12:15 popcorn kernel: [    0.210000] 1c28400.serial: ttyS0 at MMIO 0x1c28400 (irq = 27, base_baud = 1500000) is a U6_16550A
Feb 14 02:12:15 popcorn kernel: [    0.790000] console [ttyS0] enabled
Feb 14 02:12:15 popcorn kernel: [    0.815000] 1c28800.serial: ttyS1 at MMIO 0x1c28800 (irq = 28, base_baud = 1500000) is a U6_16550A
Feb 14 02:12:15 popcorn kernel: [    0.845000] 1c28c00.serial: ttyS2 at MMIO 0x1c28c00 (irq = 29, base_baud = 1500000) is a U6_16550A
Feb 14 02:12:15 popcorn kernel: [    0.855000] SuperH (H)SCI(F) driver initialized
Feb 14 02:12:15 popcorn kernel: [    0.860000] msm_serial: driver initialized
Feb 14 02:12:15 popcorn kernel: [    0.865000] STMicroelectronics ASC driver initialized
Feb 14 02:12:15 popcorn kernel: [    0.870000] [drm] Initialized drm 1.1.0 20060810
Feb 14 02:12:15 popcorn kernel: [    0.885000] loop: module loaded
Feb 14 02:12:15 popcorn kernel: [    0.895000] libphy: Fixed MDIO Bus: probed
Feb 14 02:12:15 popcorn kernel: [    0.900000] CAN device driver interface
Feb 14 02:12:15 popcorn kernel: [    0.900000] igb: Intel(R) Gigabit Ethernet Network Driver - version 5.3.0-k
Feb 14 02:12:15 popcorn kernel: [    0.910000] igb: Copyright (c) 2007-2014 Intel Corporation.
Feb 14 02:12:15 popcorn kernel: [    0.915000] pegasus: v0.9.3 (2013/04/25), Pegasus/Pegasus II USB Ethernet driver
Feb 14 02:12:15 popcorn kernel: [    0.925000] usbcore: registered new interface driver pegasus
Feb 14 02:12:15 popcorn kernel: [    0.930000] usbcore: registered new interface driver asix
Feb 14 02:12:15 popcorn kernel: [    0.935000] usbcore: registered new interface driver ax88179_178a
Feb 14 02:12:15 popcorn kernel: [    0.940000] usbcore: registered new interface driver cdc_ether
Feb 14 02:12:15 popcorn kernel: [    0.950000] usbcore: registered new interface driver smsc75xx
Feb 14 02:12:15 popcorn kernel: [    0.955000] usbcore: registered new interface driver smsc95xx
Feb 14 02:12:15 popcorn kernel: [    0.960000] usbcore: registered new interface driver net1080
Feb 14 02:12:15 popcorn kernel: [    0.965000] usbcore: registered new interface driver rndis_host
Feb 14 02:12:15 popcorn kernel: [    0.970000] usbcore: registered new interface driver cdc_subset
Feb 14 02:12:15 popcorn kernel: [    0.975000] usbcore: registered new interface driver zaurus
Feb 14 02:12:15 popcorn kernel: [    0.985000] usbcore: registered new interface driver cdc_ncm
Feb 14 02:12:15 popcorn kernel: [    0.990000] ehci_hcd: USB 2.0 'Enhanced' Host Controller (EHCI) Driver
Feb 14 02:12:15 popcorn kernel: [    0.995000] ehci-pci: EHCI PCI platform driver
Feb 14 02:12:15 popcorn kernel: [    1.000000] ehci-platform: EHCI generic platform driver
Feb 14 02:12:15 popcorn kernel: [    1.005000] ehci-omap: OMAP-EHCI Host Controller driver
Feb 14 02:12:15 popcorn kernel: [    1.010000] ehci-orion: EHCI orion driver
Feb 14 02:12:15 popcorn kernel: [    1.015000] ehci-st: EHCI STMicroelectronics driver
Feb 14 02:12:15 popcorn kernel: [    1.020000] ehci-exynos: EHCI EXYNOS driver
Feb 14 02:12:15 popcorn kernel: [    1.025000] ehci-atmel: EHCI Atmel driver
Feb 14 02:12:15 popcorn kernel: [    1.030000] tegra-ehci: Tegra EHCI driver
Feb 14 02:12:15 popcorn kernel: [    1.035000] ohci_hcd: USB 1.1 'Open' Host Controller (OHCI) Driver
Feb 14 02:12:15 popcorn kernel: [    1.040000] ohci-pci: OHCI PCI platform driver
Feb 14 02:12:15 popcorn kernel: [    1.045000] ohci-platform: OHCI generic platform driver
Feb 14 02:12:15 popcorn kernel: [    1.050000] ohci-omap3: OHCI OMAP3 driver
Feb 14 02:12:15 popcorn kernel: [    1.055000] ohci-st: OHCI STMicroelectronics driver
Feb 14 02:12:15 popcorn kernel: [    1.060000] ohci-atmel: OHCI Atmel driver
Feb 14 02:12:15 popcorn kernel: [    1.065000] usbcore: registered new interface driver usb-storage
Feb 14 02:12:15 popcorn kernel: [    1.070000] udc-core: couldn't find an available UDC - added [g_cdc] to list of pending drivers
Feb 14 02:12:15 popcorn kernel: [    1.080000] mousedev: PS/2 mouse device common for all mice
Feb 14 02:12:15 popcorn kernel: [    1.090000] i2c /dev entries driver
Feb 14 02:12:15 popcorn kernel: [    1.095000] axp20x 0-0034: AXP20x variant AXP209 found
Feb 14 02:12:15 popcorn kernel: [    1.105000] axp20x-gpio axp20x-gpio: AXP209 GPIO driver loaded
Feb 14 02:12:15 popcorn kernel: [    1.120000] input: axp20x-pek as /devices/platform/soc@01c00000/1c2ac00.i2c/i2c-0/0-0034/axp20x-pek/input/input0
Feb 14 02:12:15 popcorn kernel: [    1.135000] axp20x 0-0034: AXP20X driver loaded
Feb 14 02:12:15 popcorn kernel: [    1.145000] Driver for 1-wire Dallas network protocol.
Feb 14 02:12:15 popcorn kernel: [    1.150000] sunxi-wdt 1c20c90.watchdog: Watchdog enabled (timeout=16 sec, nowayout=0)
Feb 14 02:12:15 popcorn kernel: [    1.160000] sdhci: Secure Digital Host Controller Interface driver
Feb 14 02:12:15 popcorn kernel: [    1.165000] sdhci: Copyright(c) Pierre Ossman
Feb 14 02:12:15 popcorn kernel: [    1.170000] Synopsys Designware Multimedia Card Interface Driver
Feb 14 02:12:15 popcorn kernel: [    1.180000] sunxi-mmc 1c0f000.mmc: No vqmmc regulator found
Feb 14 02:12:15 popcorn kernel: [    1.185000] sunxi-mmc 1c0f000.mmc: allocated mmc-pwrseq
Feb 14 02:12:15 popcorn kernel: [    1.220000] sunxi-mmc 1c0f000.mmc: base:0xd0880000 irq:19
Feb 14 02:12:15 popcorn kernel: [    1.225000] sunxi-mmc 1c11000.mmc: No vqmmc regulator found
Feb 14 02:12:15 popcorn kernel: [    1.235000] sunxi-mmc 1c0f000.mmc: smc 0 err, cmd 8, RTO !!
Feb 14 02:12:15 popcorn kernel: [    1.250000] mmc0: new high speed SDIO card at address 0001
Feb 14 02:12:15 popcorn kernel: [    1.260000] sunxi-mmc 1c11000.mmc: base:0xd0882000 irq:20
Feb 14 02:12:15 popcorn kernel: [    1.265000] sdhci-pltfm: SDHCI platform and OF driver helper
Feb 14 02:12:15 popcorn kernel: [    1.270000] ledtrig-cpu: registered to indicate activity on CPUs
Feb 14 02:12:15 popcorn kernel: [    1.280000] hidraw: raw HID events driver (C) Jiri Kosina
Feb 14 02:12:15 popcorn kernel: [    1.285000] usbcore: registered new interface driver usbhid
Feb 14 02:12:15 popcorn kernel: [    1.290000] usbhid: USB HID core driver
Feb 14 02:12:15 popcorn kernel: [    1.295000] ip_tables: (C) 2000-2006 Netfilter Core Team
Feb 14 02:12:15 popcorn kernel: [    1.300000] NET: Registered protocol family 10
Feb 14 02:12:15 popcorn kernel: [    1.305000] sit: IPv6 over IPv4 tunneling driver
Feb 14 02:12:15 popcorn kernel: [    1.315000] NET: Registered protocol family 17
Feb 14 02:12:15 popcorn kernel: [    1.315000] can: controller area network core (rev 20120528 abi 9)
Feb 14 02:12:15 popcorn kernel: [    1.325000] NET: Registered protocol family 29
Feb 14 02:12:15 popcorn kernel: [    1.330000] can: raw protocol (rev 20120528)
Feb 14 02:12:15 popcorn kernel: [    1.335000] can: broadcast manager protocol (rev 20120528 t)
Feb 14 02:12:15 popcorn kernel: [    1.340000] can: netlink gateway (rev 20130117) max_hops=1
Feb 14 02:12:15 popcorn kernel: [    1.345000] Key type dns_resolver registered
Feb 14 02:12:15 popcorn kernel: [    1.350000] cpu: dev_pm_opp_of_cpumask_add_table: couldn't find opp table for cpu:0, -19
Feb 14 02:12:15 popcorn kernel: [    1.360000] cpu cpu0: dev_pm_opp_get_opp_count: device OPP not found (-19)
Feb 14 02:12:15 popcorn kernel: [    1.365000] ThumbEE CPU extension supported.
Feb 14 02:12:15 popcorn kernel: [    1.370000] Registering SWP/SWPB emulation handler
Feb 14 02:12:15 popcorn kernel: [    1.380000] sunxi-mmc 1c11000.mmc: smc 1 err, cmd 8, RTO !!
Feb 14 02:12:15 popcorn kernel: [    1.390000] hctosys: unable to open rtc device (rtc0)
Feb 14 02:12:15 popcorn kernel: [    1.395000] of_cfs_init
Feb 14 02:12:15 popcorn kernel: [    1.400000] of_cfs_init: OK
Feb 14 02:12:15 popcorn kernel: [    1.405000] vcc3v0: disabling
Feb 14 02:12:15 popcorn kernel: [    1.410000] vcc5v0: disabling
Feb 14 02:12:15 popcorn kernel: [    1.415000] Waiting for root device /dev/mmcblk0p2...
Feb 14 02:12:15 popcorn kernel: [    1.420000] sunxi-mmc 1c11000.mmc: smc 1 err, cmd 55, RTO !!
Feb 14 02:12:15 popcorn kernel: [    1.425000] sunxi-mmc 1c11000.mmc: smc 1 err, cmd 55, RTO !!
Feb 14 02:12:15 popcorn kernel: [    1.435000] sunxi-mmc 1c11000.mmc: smc 1 err, cmd 55, RTO !!
Feb 14 02:12:15 popcorn kernel: [    1.440000] sunxi-mmc 1c11000.mmc: smc 1 err, cmd 55, RTO !!
Feb 14 02:12:15 popcorn kernel: [    1.495000] mmc1: MAN_BKOPS_EN bit is not set
Feb 14 02:12:15 popcorn kernel: [    1.500000] mmc1: new high speed MMC card at address 0001
Feb 14 02:12:15 popcorn kernel: [    1.510000] mmcblk0: mmc1:0001 NCard  7.22 GiB 
Feb 14 02:12:15 popcorn kernel: [    1.515000] mmcblk0boot0: mmc1:0001 NCard  partition 1 4.00 MiB
Feb 14 02:12:15 popcorn kernel: [    1.520000] mmcblk0boot1: mmc1:0001 NCard  partition 2 4.00 MiB
Feb 14 02:12:15 popcorn kernel: [    1.525000]  mmcblk0: p1 p2
Feb 14 02:12:15 popcorn kernel: [    1.750000] EXT4-fs (mmcblk0p2): recovery complete
Feb 14 02:12:15 popcorn kernel: [    1.755000] EXT4-fs (mmcblk0p2): mounted filesystem with ordered data mode. Opts: (null)
Feb 14 02:12:15 popcorn kernel: [    1.765000] VFS: Mounted root (ext4 filesystem) on device 179:2.
Feb 14 02:12:15 popcorn kernel: [    1.775000] devtmpfs: mounted
Feb 14 02:12:15 popcorn kernel: [    1.780000] Freeing unused kernel memory: 1080K
Feb 14 02:12:15 popcorn kernel: [    3.510000] random: systemd: uninitialized urandom read (16 bytes read, 21 bits of entropy available)
Feb 14 02:12:15 popcorn kernel: [    3.535000] random: systemd: uninitialized urandom read (16 bytes read, 21 bits of entropy available)
Feb 14 02:12:15 popcorn kernel: [    3.570000] random: systemd: uninitialized urandom read (16 bytes read, 22 bits of entropy available)
Feb 14 02:12:15 popcorn kernel: [    3.595000] random: systemd: uninitialized urandom read (16 bytes read, 22 bits of entropy available)
Feb 14 02:12:15 popcorn kernel: [    3.620000] random: systemd: uninitialized urandom read (16 bytes read, 22 bits of entropy available)
Feb 14 02:12:15 popcorn kernel: [    3.645000] random: systemd: uninitialized urandom read (16 bytes read, 22 bits of entropy available)
Feb 14 02:12:15 popcorn kernel: [    3.680000] random: systemd: uninitialized urandom read (16 bytes read, 22 bits of entropy available)
Feb 14 02:12:15 popcorn kernel: [    3.705000] random: systemd: uninitialized urandom read (16 bytes read, 22 bits of entropy available)
Feb 14 02:12:15 popcorn kernel: [    3.740000] random: systemd: uninitialized urandom read (16 bytes read, 22 bits of entropy available)
Feb 14 02:12:15 popcorn kernel: [    3.775000] random: systemd: uninitialized urandom read (16 bytes read, 23 bits of entropy available)
Feb 14 02:12:15 popcorn kernel: [   12.485000] sun4i-codec 1c22c00.codec: Codec <-> 1c22c00.codec mapping ok
Feb 14 02:12:15 popcorn kernel: [   12.650000] ehci-platform 1c14000.usb: EHCI Host Controller
Feb 14 02:12:15 popcorn kernel: [   12.650000] ehci-platform 1c14000.usb: new USB bus registered, assigned bus number 1
Feb 14 02:12:15 popcorn kernel: [   12.675000] ehci-platform 1c14000.usb: irq 22, io mem 0x01c14000
Feb 14 02:12:15 popcorn kernel: [   12.690000] ehci-platform 1c14000.usb: USB 2.0 started, EHCI 1.00
Feb 14 02:12:15 popcorn kernel: [   12.690000] hub 1-0:1.0: USB hub found
Feb 14 02:12:15 popcorn kernel: [   12.690000] hub 1-0:1.0: 1 port detected
Feb 14 02:12:15 popcorn kernel: [   12.690000] ohci-platform 1c14400.usb: Generic Platform OHCI controller
Feb 14 02:12:15 popcorn kernel: [   12.690000] ohci-platform 1c14400.usb: new USB bus registered, assigned bus number 2
Feb 14 02:12:15 popcorn kernel: [   12.690000] ohci-platform 1c14400.usb: irq 23, io mem 0x01c14400
Feb 14 02:12:15 popcorn kernel: [   12.775000] hub 2-0:1.0: USB hub found
